Component: ARM Compiler 5.06 update 7 (build 960) Tool: armlink [4d3601]

==============================================================================

Section Cross References

    stm32f4xx_it.o(i.CAN1_RX0_IRQHandler) refers to stm32f4xx_hal_can.o(i.HAL_CAN_IRQHandler) for HAL_CAN_IRQHandler
    stm32f4xx_it.o(i.CAN1_RX0_IRQHandler) refers to can.o(.bss) for hcan1
    stm32f4xx_it.o(i.DMA1_Stream1_IRQHandler) refers to stm32f4xx_hal_dma.o(i.HAL_DMA_IRQHandler) for HAL_DMA_IRQHandler
    stm32f4xx_it.o(i.DMA1_Stream1_IRQHandler) refers to usart.o(.bss) for hdma_usart3_rx
    stm32f4xx_it.o(i.DMA1_Stream3_IRQHandler) refers to stm32f4xx_hal_dma.o(i.HAL_DMA_IRQHandler) for HAL_DMA_IRQHandler
    stm32f4xx_it.o(i.DMA1_Stream3_IRQHandler) refers to usart.o(.bss) for hdma_usart3_tx
    stm32f4xx_it.o(i.DMA1_Stream5_IRQHandler) refers to stm32f4xx_hal_dma.o(i.HAL_DMA_IRQHandler) for HAL_DMA_IRQHandler
    stm32f4xx_it.o(i.DMA1_Stream5_IRQHandler) refers to usart.o(.bss) for hdma_usart2_rx
    stm32f4xx_it.o(i.DMA1_Stream6_IRQHandler) refers to stm32f4xx_hal_dma.o(i.HAL_DMA_IRQHandler) for HAL_DMA_IRQHandler
    stm32f4xx_it.o(i.DMA1_Stream6_IRQHandler) refers to usart.o(.bss) for hdma_usart2_tx
    stm32f4xx_it.o(i.DMA2_Stream2_IRQHandler) refers to stm32f4xx_hal_dma.o(i.HAL_DMA_IRQHandler) for HAL_DMA_IRQHandler
    stm32f4xx_it.o(i.DMA2_Stream2_IRQHandler) refers to usart.o(.bss) for hdma_usart1_rx
    stm32f4xx_it.o(i.DMA2_Stream3_IRQHandler) refers to stm32f4xx_hal_dma.o(i.HAL_DMA_IRQHandler) for HAL_DMA_IRQHandler
    stm32f4xx_it.o(i.DMA2_Stream3_IRQHandler) refers to sdio.o(.bss) for hdma_sdio_rx
    stm32f4xx_it.o(i.DMA2_Stream6_IRQHandler) refers to stm32f4xx_hal_dma.o(i.HAL_DMA_IRQHandler) for HAL_DMA_IRQHandler
    stm32f4xx_it.o(i.DMA2_Stream6_IRQHandler) refers to sdio.o(.bss) for hdma_sdio_tx
    stm32f4xx_it.o(i.DMA2_Stream7_IRQHandler) refers to stm32f4xx_hal_dma.o(i.HAL_DMA_IRQHandler) for HAL_DMA_IRQHandler
    stm32f4xx_it.o(i.DMA2_Stream7_IRQHandler) refers to usart.o(.bss) for hdma_usart1_tx
    stm32f4xx_it.o(i.ETH_IRQHandler) refers to stm32f4xx_hal_eth.o(i.HAL_ETH_IRQHandler) for HAL_ETH_IRQHandler
    stm32f4xx_it.o(i.ETH_IRQHandler) refers to ethernetif.o(.bss) for heth
    stm32f4xx_it.o(i.SDIO_IRQHandler) refers to stm32f4xx_hal_sd.o(i.HAL_SD_IRQHandler) for HAL_SD_IRQHandler
    stm32f4xx_it.o(i.SDIO_IRQHandler) refers to sdio.o(.bss) for hsd
    stm32f4xx_it.o(i.TIM1_UP_TIM10_IRQHandler) refers to stm32f4xx_hal_tim.o(i.HAL_TIM_IRQHandler) for HAL_TIM_IRQHandler
    stm32f4xx_it.o(i.TIM1_UP_TIM10_IRQHandler) refers to stm32f4xx_hal_timebase_tim.o(.bss) for htim1
    stm32f4xx_it.o(i.TIM2_IRQHandler) refers to stm32f4xx_hal_tim.o(i.HAL_TIM_IRQHandler) for HAL_TIM_IRQHandler
    stm32f4xx_it.o(i.TIM2_IRQHandler) refers to tim.o(.bss) for htim2
    stm32f4xx_it.o(i.TIM3_IRQHandler) refers to stm32f4xx_hal_tim.o(i.HAL_TIM_IRQHandler) for HAL_TIM_IRQHandler
    stm32f4xx_it.o(i.TIM3_IRQHandler) refers to tim.o(.bss) for htim3
    stm32f4xx_it.o(i.USART1_IRQHandler) refers to stm32f4xx_hal_uart.o(i.HAL_UART_IRQHandler) for HAL_UART_IRQHandler
    stm32f4xx_it.o(i.USART1_IRQHandler) refers to usart.o(.bss) for huart1
    stm32f4xx_it.o(i.USART2_IRQHandler) refers to stm32f4xx_hal_uart.o(i.HAL_UART_IRQHandler) for HAL_UART_IRQHandler
    stm32f4xx_it.o(i.USART2_IRQHandler) refers to ascii_slave.o(i.SlaveAsciiRxIRQHandler) for SlaveAsciiRxIRQHandler
    stm32f4xx_it.o(i.USART2_IRQHandler) refers to usart.o(.bss) for huart2
    stm32f4xx_it.o(i.USART3_IRQHandler) refers to stm32f4xx_hal_uart.o(i.HAL_UART_IRQHandler) for HAL_UART_IRQHandler
    stm32f4xx_it.o(i.USART3_IRQHandler) refers to at_cfg.o(i.AT_UART_RxCpltCallback) for AT_UART_RxCpltCallback
    stm32f4xx_it.o(i.USART3_IRQHandler) refers to usart.o(.bss) for huart3
    stm32f4xx_hal_timebase_tim.o(i.HAL_InitTick) refers to stm32f4xx_hal_rcc.o(i.HAL_RCC_GetClockConfig) for HAL_RCC_GetClockConfig
    stm32f4xx_hal_timebase_tim.o(i.HAL_InitTick) refers to stm32f4xx_hal_rcc.o(i.HAL_RCC_GetPCLK2Freq) for HAL_RCC_GetPCLK2Freq
    stm32f4xx_hal_timebase_tim.o(i.HAL_InitTick) refers to stm32f4xx_hal_tim.o(i.HAL_TIM_Base_Init) for HAL_TIM_Base_Init
    stm32f4xx_hal_timebase_tim.o(i.HAL_InitTick) refers to stm32f4xx_hal_tim.o(i.HAL_TIM_Base_Start_IT) for HAL_TIM_Base_Start_IT
    stm32f4xx_hal_timebase_tim.o(i.HAL_InitTick) refers to stm32f4xx_hal_cortex.o(i.HAL_NVIC_EnableIRQ) for HAL_NVIC_EnableIRQ
    stm32f4xx_hal_timebase_tim.o(i.HAL_InitTick) refers to stm32f4xx_hal_cortex.o(i.HAL_NVIC_SetPriority) for HAL_NVIC_SetPriority
    stm32f4xx_hal_timebase_tim.o(i.HAL_InitTick) refers to stm32f4xx_hal_timebase_tim.o(.bss) for htim1
    stm32f4xx_hal_timebase_tim.o(i.HAL_InitTick) refers to stm32f4xx_hal.o(.data) for uwTickPrio
    stm32f4xx_hal_timebase_tim.o(i.HAL_ResumeTick) refers to stm32f4xx_hal_timebase_tim.o(.bss) for htim1
    stm32f4xx_hal_timebase_tim.o(i.HAL_SuspendTick) refers to stm32f4xx_hal_timebase_tim.o(.bss) for htim1
[...]
    EXTI0_IRQHandler                         0x08000a85   Thumb Code    10  wkup.o(i.EXTI0_IRQHandler)
    Error_Handler                            0x08000a8f   Thumb Code     6  main.o(i.Error_Handler)
    FATFS_LinkDriver                         0x08000a95   Thumb Code    18  ff_gen_drv.o(i.FATFS_LinkDriver)
    FATFS_LinkDriverEx                       0x08000aa9   Thumb Code    78  ff_gen_drv.o(i.FATFS_LinkDriverEx)
    FLASH_EraseSector                        0x08000b1d   Thumb Code   138  flash.o(i.FLASH_EraseSector)
    FLASH_EraseSectorsForRange               0x08000bad   Thumb Code   190  flash.o(i.FLASH_EraseSectorsForRange)
    FLASH_Init                               0x08000cb1   Thumb Code   108  flash.o(i.FLASH_Init)
    FLASH_ReadData                           0x08000d29   Thumb Code   100  flash.o(i.FLASH_ReadData)
    FLASH_StoreDeviceInfo                    0x08000d8d   Thumb Code   148  flash.o(i.FLASH_StoreDeviceInfo)
    FLASH_VerifyDeviceInfo                   0x08000e25   Thumb Code    74  flash.o(i.FLASH_VerifyDeviceInfo)
    FLASH_WAITForLastOperation               0x08000e75   Thumb Code    92  flash.o(i.FLASH_WAITForLastOperation)
    FLASH_WriteData                          0x08000ed9   Thumb Code   330  flash.o(i.FLASH_WriteData)
    Get_RTCTimeAndDate                       0x08001029   Thumb Code   116  rtc.o(i.Get_RTCTimeAndDate)
    HAL_CAN_ErrorCallback                    0x080010a1   Thumb Code     2  stm32f4xx_hal_can.o(i.HAL_CAN_ErrorCallback)
    HAL_CAN_IRQHandler                       0x080010a3   Thumb Code   590  stm32f4xx_hal_can.o(i.HAL_CAN_IRQHandler)
    HAL_CAN_RxFifo0FullCallback              0x080012f1   Thumb Code     2  stm32f4xx_hal_can.o(i.HAL_CAN_RxFifo0FullCallback)
    HAL_CAN_RxFifo0MsgPendingCallback        0x080012f3   Thumb Code     2  stm32f4xx_hal_can.o(i.HAL_CAN_RxFifo0MsgPendingCallback)
    HAL_CAN_RxFifo1FullCallback              0x080012f5   Thumb Code     2  stm32f4xx_hal_can.o(i.HAL_CAN_RxFifo1FullCallback)
    HAL_CAN_RxFifo1MsgPendingCallback        0x080012f7   Thumb Code     2  stm32f4xx_hal_can.o(i.HAL_CAN_RxFifo1MsgPendingCallback)
    HAL_CAN_SleepCallback                    0x080012f9   Thumb Code     2  stm32f4xx_hal_can.o(i.HAL_CAN_SleepCallback)
    HAL_CAN_TxMailbox0AbortCallback          0x080012fb   Thumb Code     2  stm32f4xx_hal_can.o(i.HAL_CAN_TxMailbox0AbortCallback)
    HAL_CAN_TxMailbox0CompleteCallback       0x080012fd   Thumb Code     2  stm32f4xx_hal_can.o(i.HAL_CAN_TxMailbox0CompleteCallback)
    HAL_CAN_TxMailbox1AbortCallback          0x080012ff   Thumb Code     2  stm32f4xx_hal_can.o(i.HAL_CAN_TxMailbox1AbortCallback)
    HAL_CAN_TxMailbox1CompleteCallback       0x08001301   Thumb Code     2  stm32f4xx_hal_can.o(i.HAL_CAN_TxMailbox1CompleteCallback)
    HAL_CAN_TxMailbox2AbortCallback          0x08001303   Thumb Code     2  stm32f4xx_hal_can.o(i.HAL_CAN_TxMailbox2AbortCallback)
    HAL_CAN_TxMailbox2CompleteCallback       0x08001305   Thumb Code     2  stm32f4xx_hal_can.o(i.HAL_CAN_TxMailbox2CompleteCallback)
    HAL_CAN_WakeUpFromRxMsgCallback          0x08001307   Thumb Code     2  stm32f4xx_hal_can.o(i.HAL_CAN_WakeUpFromRxMsgCallback)
    HAL_DMA_Abort                            0x08001309   Thumb Code   172  stm32f4xx_hal_dma.o(i.HAL_DMA_Abort)
    HAL_DMA_Abort_IT                         0x080013b5   Thumb Code    40  stm32f4xx_hal_dma.o(i.HAL_DMA_Abort_IT)
    HAL_DMA_GetError                         0x080013dd   Thumb Code     6  stm32f4xx_hal_dma.o(i.HAL_DMA_GetError)
    HAL_DMA_IRQHandler                       0x080013e5   Thumb Code   570  stm32f4xx_hal_dma.o(i.HAL_DMA_IRQHandler)
    HAL_DMA_Init                             0x08001625   Thumb Code   232  stm32f4xx_hal_dma.o(i.HAL_DMA_Init)
    HAL_DMA_Start_IT                         0x08001711   Thumb Code   146  stm32f4xx_hal_dma.o(i.HAL_DMA_Start_IT)
    HAL_Delay                                0x080017a5   Thumb Code    36  stm32f4xx_hal.o(i.HAL_Delay)
    HAL_ETH_ErrorCallback                    0x080017cd   Thumb Code    28  ethernetif.o(i.HAL_ETH_ErrorCallback)
    HAL_ETH_GetDMAError                      0x080017ed   Thumb Code     8  stm32f4xx_hal_eth.o(i.HAL_ETH_GetDMAError)
    HAL_ETH_IRQHandler                       0x080017f5   Thumb Code   250  stm32f4xx_hal_eth.o(i.HAL_ETH_IRQHandler)
    HAL_ETH_PMTCallback                      0x080018fd   Thumb Code     2  stm32f4xx_hal_eth.o(i.HAL_ETH_PMTCallback)
    HAL_ETH_ReadPHYRegister                  0x080018ff   Thumb Code   106  stm32f4xx_hal_eth.o(i.HAL_ETH_ReadPHYRegister)
    HAL_ETH_RxCpltCallback                   0x08001969   Thumb Code    14  ethernetif.o(i.HAL_ETH_RxCpltCallback)
    HAL_ETH_SetMDIOClockRange                0x0800197d   Thumb Code    72  stm32f4xx_hal_eth.o(i.HAL_ETH_SetMDIOClockRange)
    HAL_ETH_TxCpltCallback                   0x080019d5   Thumb Code    14  ethernetif.o(i.HAL_ETH_TxCpltCallback)
    HAL_ETH_WakeUpCallback                   0x080019e9   Thumb Code     2  stm32f4xx_hal_eth.o(i.HAL_ETH_WakeUpCallback)
    HAL_ETH_WritePHYRegister                 0x080019eb   Thumb Code   104  stm32f4xx_hal_eth.o(i.HAL_ETH_WritePHYRegister)
    HAL_GPIO_EXTI_Callback                   0x08001a53   Thumb Code     2  wkup.o(i.HAL_GPIO_EXTI_Callback)
    HAL_GPIO_EXTI_IRQHandler                 0x08001a55   Thumb Code    24  stm32f4xx_hal_gpio.o(i.HAL_GPIO_EXTI_IRQHandler)
    HAL_GPIO_Init                            0x08001a71   Thumb Code   474  stm32f4xx_hal_gpio.o(i.HAL_GPIO_Init)
    HAL_GPIO_ReadPin                         0x08001c81   Thumb Code    16  stm32f4xx_hal_gpio.o(i.HAL_GPIO_ReadPin)
    HAL_GPIO_TogglePin                       0x08001c91   Thumb Code    20  stm32f4xx_hal_gpio.o(i.HAL_GPIO_TogglePin)
    HAL_GPIO_WritePin                        0x08001ca5   Thumb Code    12  stm32f4xx_hal_gpio.o(i.HAL_GPIO_WritePin)
    HAL_GetTick                              0x08001cb1   Thumb Code     6  stm32f4xx_hal.o(i.HAL_GetTick)
    HAL_IncTick                              0x08001cbd   Thumb Code    16  stm32f4xx_hal.o(i.HAL_IncTick)
    HAL_Init                                 0x08001cd5   Thumb Code    54  stm32f4xx_hal.o(i.HAL_Init)
    HAL_InitTick                             0x08001d11   Thumb Code   140  stm32f4xx_hal_timebase_tim.o(i.HAL_InitTick)
    HAL_MspInit                              0x08001db1   Thumb Code    78  stm32f4xx_hal_msp.o(i.HAL_MspInit)
    HAL_NVIC_EnableIRQ                       0x08001e05   Thumb Code    40  stm32f4xx_hal_cortex.o(i.HAL_NVIC_EnableIRQ)
    HAL_NVIC_SetPriority                     0x08001e2d   Thumb Code   124  stm32f4xx_hal_cortex.o(i.HAL_NVIC_SetPriority)
    HAL_NVIC_SetPriorityGrouping             0x08001ea9   Thumb Code    32  stm32f4xx_hal_cortex.o(i.HAL_NVIC_SetPriorityGrouping)
    HAL_PWREx_EnableOverDrive                0x08001ed1   Thumb Code   128  stm32f4xx_hal_pwr_ex.o(i.HAL_PWREx_EnableOverDrive)
    HAL_RCCEx_PeriphCLKConfig                0x08001f5d   Thumb Code   746  stm32f4xx_hal_rcc_ex.o(i.HAL_RCCEx_PeriphCLKConfig)
    HAL_RCC_ClockConfig                      0x08002261   Thumb Code   368  stm32f4xx_hal_rcc.o(i.HAL_RCC_ClockConfig)
    HAL_RCC_GetClockConfig                   0x080023e5   Thumb Code    58  stm32f4xx_hal_rcc.o(i.HAL_RCC_GetClockConfig)
    HAL_RCC_GetHCLKFreq                      0x08002429   Thumb Code     6  stm32f4xx_hal_rcc.o(i.HAL_RCC_GetHCLKFreq)
    HAL_RCC_GetPCLK1Freq                     0x08002435   Thumb Code    22  stm32f4xx_hal_rcc.o(i.HAL_RCC_GetPCLK1Freq)
    HAL_RCC_GetPCLK2Freq                     0x08002455   Thumb Code    22  stm32f4xx_hal_rcc.o(i.HAL_RCC_GetPCLK2Freq)
    HAL_RCC_GetSysClockFreq                  0x08002475   Thumb Code   162  stm32f4xx_hal_rcc.o(i.HAL_RCC_GetSysClockFreq)
    HAL_RCC_OscConfig                        0x08002525   Thumb Code  1172  stm32f4xx_hal_rcc.o(i.HAL_RCC_OscConfig)
    HAL_RTCEx_BKUPRead                       0x080029c1   Thumb Code    18  stm32f4xx_hal_rtc_ex.o(i.HAL_RTCEx_BKUPRead)
    HAL_RTCEx_BKUPWrite                      0x080029d3   Thumb Code    18  stm32f4xx_hal_rtc_ex.o(i.HAL_RTCEx_BKUPWrite)
    HAL_RTC_GetDate                          0x080029e5   Thumb Code    72  stm32f4xx_hal_rtc.o(i.HAL_RTC_GetDate)
    HAL_RTC_GetTime                          0x08002a31   Thumb Code    88  stm32f4xx_hal_rtc.o(i.HAL_RTC_GetTime)
    HAL_RTC_Init                             0x08002a8d   Thumb Code   176  stm32f4xx_hal_rtc.o(i.HAL_RTC_Init)
    HAL_RTC_MspInit                          0x08002b41   Thumb Code    52  rtc.o(i.HAL_RTC_MspInit)
    HAL_RTC_SetDate                          0x08002b7d   Thumb Code   188  stm32f4xx_hal_rtc.o(i.HAL_RTC_SetDate)
    HAL_RTC_SetTime                          0x08002c3d   Thumb Code   230  stm32f4xx_hal_rtc.o(i.HAL_RTC_SetTime)
    HAL_RTC_WaitForSynchro                   0x08002d29   Thumb Code    52  stm32f4xx_hal_rtc.o(i.HAL_RTC_WaitForSynchro)
    HAL_SD_AbortCallback                     0x08002d61   Thumb Code    10  bsp_driver_sd.o(i.HAL_SD_AbortCallback)
    HAL_SD_ConfigWideBusOperation            0x08002d6d   Thumb Code   196  stm32f4xx_hal_sd.o(i.HAL_SD_ConfigWideBusOperation)
    HAL_SD_ErrorCallback                     0x08002e35   Thumb Code     2  stm32f4xx_hal_sd.o(i.HAL_SD_ErrorCallback)
    HAL_SD_GetCardCSD                        0x08002e39   Thumb Code   450  stm32f4xx_hal_sd.o(i.HAL_SD_GetCardCSD)
    HAL_SD_GetCardInfo                       0x08003001   Thumb Code    38  stm32f4xx_hal_sd.o(i.HAL_SD_GetCardInfo)
    HAL_SD_GetCardState                      0x08003027   Thumb Code    36  stm32f4xx_hal_sd.o(i.HAL_SD_GetCardState)
    HAL_SD_IRQHandler                        0x0800304d   Thumb Code   530  stm32f4xx_hal_sd.o(i.HAL_SD_IRQHandler)
    HAL_SD_Init                              0x08003269   Thumb Code    60  stm32f4xx_hal_sd.o(i.HAL_SD_Init)
    HAL_SD_InitCard                          0x080032a5   Thumb Code   168  stm32f4xx_hal_sd.o(i.HAL_SD_InitCard)
    HAL_SD_MspInit                           0x08003355   Thumb Code   366  sdio.o(i.HAL_SD_MspInit)
    HAL_SD_ReadBlocks_DMA                    0x080034e1   Thumb Code   318  stm32f4xx_hal_sd.o(i.HAL_SD_ReadBlocks_DMA)
    HAL_SD_RxCpltCallback                    0x08003631   Thumb Code    10  bsp_driver_sd.o(i.HAL_SD_RxCpltCallback)
    HAL_SD_TxCpltCallback                    0x0800363b   Thumb Code    10  bsp_driver_sd.o(i.HAL_SD_TxCpltCallback)
    HAL_SD_WriteBlocks_DMA                   0x08003645   Thumb Code   322  stm32f4xx_hal_sd.o(i.HAL_SD_WriteBlocks_DMA)
    HAL_SPI_Init                             0x08003799   Thumb Code   200  stm32f4xx_hal_spi.o(i.HAL_SPI_Init)
    HAL_SPI_MspInit                          0x08003861   Thumb Code   146  spi.o(i.HAL_SPI_MspInit)
    HAL_SPI_TransmitReceive                  0x08003901   Thumb Code   584  stm32f4xx_hal_spi.o(i.HAL_SPI_TransmitReceive)
    HAL_TIMEx_BreakCallback                  0x08003b49   Thumb Code     2  stm32f4xx_hal_tim_ex.o(i.HAL_TIMEx_BreakCallback)
    HAL_TIMEx_CommutCallback                 0x08003b4b   Thumb Code     2  stm32f4xx_hal_tim_ex.o(i.HAL_TIMEx_CommutCallback)
    HAL_TIM_Base_Init                        0x08003b4d   Thumb Code   102  stm32f4xx_hal_tim.o(i.HAL_TIM_Base_Init)
    HAL_TIM_Base_MspInit                     0x08003bb5   Thumb Code   180  tim.o(i.HAL_TIM_Base_MspInit)
    HAL_TIM_Base_Start_IT                    0x08003c75   Thumb Code   138  stm32f4xx_hal_tim.o(i.HAL_TIM_Base_Start_IT)
    HAL_TIM_IC_CaptureCallback               0x08003d1d   Thumb Code     2  stm32f4xx_hal_tim.o(i.HAL_TIM_IC_CaptureCallback)
    HAL_TIM_IRQHandler                       0x08003d1f   Thumb Code   364  stm32f4xx_hal_tim.o(i.HAL_TIM_IRQHandler)
    HAL_TIM_OC_DelayElapsedCallback          0x08003e8b   Thumb Code     2  stm32f4xx_hal_tim.o(i.HAL_TIM_OC_DelayElapsedCallback)
    HAL_TIM_PWM_PulseFinishedCallback        0x08003e8d   Thumb Code     2  stm32f4xx_hal_tim.o(i.HAL_TIM_PWM_PulseFinishedCallback)
    HAL_TIM_PeriodElapsedCallback            0x08003e91   Thumb Code    18  main.o(i.HAL_TIM_PeriodElapsedCallback)
    HAL_TIM_TriggerCallback                  0x08003ea9   Thumb Code     2  stm32f4xx_hal_tim.o(i.HAL_TIM_TriggerCallback)
    HAL_UARTEx_RxEventCallback               0x08003eab   Thumb Code     2  stm32f4xx_hal_uart.o(i.HAL_UARTEx_RxEventCallback)
    HAL_UART_DMAStop                         0x08003ead   Thumb Code   138  stm32f4xx_hal_uart.o(i.HAL_UART_DMAStop)
    HAL_UART_ErrorCallback                   0x08003f37   Thumb Code     2  stm32f4xx_hal_uart.o(i.HAL_UART_ErrorCallback)
    HAL_UART_IRQHandler                      0x08003f39   Thumb Code   740  stm32f4xx_hal_uart.o(i.HAL_UART_IRQHandler)
    HAL_UART_Init                            0x08004221   Thumb Code   118  stm32f4xx_hal_uart.o(i.HAL_UART_Init)
    HAL_UART_MspInit                         0x08004299   Thumb Code   800  usart.o(i.HAL_UART_MspInit)
    HAL_UART_Receive_DMA                     0x080045f1   Thumb Code    44  stm32f4xx_hal_uart.o(i.HAL_UART_Receive_DMA)
    HAL_UART_Receive_IT                      0x0800461d   Thumb Code    44  stm32f4xx_hal_uart.o(i.HAL_UART_Receive_IT)
    HAL_UART_RxCpltCallback                  0x08004649   Thumb Code     2  stm32f4xx_hal_uart.o(i.HAL_UART_RxCpltCallback)
    HAL_UART_RxHalfCpltCallback              0x0800464b   Thumb Code     2  stm32f4xx_hal_uart.o(i.HAL_UART_RxHalfCpltCallback)
    HAL_UART_Transmit                        0x0800464d   Thumb Code   190  stm32f4xx_hal_uart.o(i.HAL_UART_Transmit)
    HAL_UART_TxCpltCallback                  0x0800470b   Thumb Code     2  stm32f4xx_hal_uart.o(i.HAL_UART_TxCpltCallback)
    HardFault_Handler                        0x0800470d   Thumb Code     4  stm32f4xx_it.o(i.HardFault_Handler)
    IIC_Init                                 0x08004711   Thumb Code    90  iic.o(i.IIC_Init)
    IIC_SendByte                             0x08004775   Thumb Code   150  iic.o(i.IIC_SendByte)
    IIC_Start                                0x08004811   Thumb Code   108  iic.o(i.IIC_Start)
    IIC_Stop                                 0x08004881   Thumb Code   108  iic.o(i.IIC_Stop)
    IIC_WaitAck                              0x080048f1   Thumb Code   106  iic.o(i.IIC_WaitAck)
    MX_DMA_Init                              0x08004961   Thumb Code   194  dma.o(i.MX_DMA_Init)
    MX_DWT_Init                              0x08004a29   Thumb Code    62  dwt.o(i.MX_DWT_Init)
    MX_FATFS_Init                            0x08004a75   Thumb Code    16  fatfs.o(i.MX_FATFS_Init)
    MX_FREERTOS_Init                         0x08004a91   Thumb Code    30  us_freertos.o(i.MX_FREERTOS_Init)
    MX_GPIO_Init                             0x08004ab9   Thumb Code   404  gpio.o(i.MX_GPIO_Init)
    MX_RTC_Init                              0x08004c61   Thumb Code   166  rtc.o(i.MX_RTC_Init)
    MX_SDIO_SD_Init                          0x08004d11   Thumb Code    26  sdio.o(i.MX_SDIO_SD_Init)
    MX_SPI5_Init                             0x08004d35   Thumb Code    66  spi.o(i.MX_SPI5_Init)
    MX_USART1_UART_Init                      0x08004d81   Thumb Code    46  usart.o(i.MX_USART1_UART_Init)
    MX_USART2_UART_Init                      0x08004db9   Thumb Code    46  usart.o(i.MX_USART2_UART_Init)
    MX_USART3_UART_Init                      0x08004df1   Thumb Code    46  usart.o(i.MX_USART3_UART_Init)
    MemManage_Handler                        0x08004e29   Thumb Code     4  stm32f4xx_it.o(i.MemManage_Handler)
    NMI_Handler                              0x08004e2d   Thumb Code     4  stm32f4xx_it.o(i.NMI_Handler)
    PCF8574_Init                             0x08004e31   Thumb Code   112  pcf8574.o(i.PCF8574_Init)
    PCF8574_WriteByte                        0x08004ea9   Thumb Code    34  pcf8574.o(i.PCF8574_WriteByte)
    RTC_Bcd2ToByte                           0x08004ecb   Thumb Code    22  stm32f4xx_hal_rtc.o(i.RTC_Bcd2ToByte)
    RTC_ByteToBcd2                           0x08004ee1   Thumb Code    26  stm32f4xx_hal_rtc.o(i.RTC_ByteToBcd2)
    RTC_EnterInitMode                        0x08004efb   Thumb Code    74  stm32f4xx_hal_rtc.o(i.RTC_EnterInitMode)
    RTC_ExitInitMode                         0x08004f45   Thumb Code    46  stm32f4xx_hal_rtc.o(i.RTC_ExitInitMode)
    SDIO_ConfigData                          0x08004f73   Thumb Code    44  stm32f4xx_ll_sdmmc.o(i.SDIO_ConfigData)
    SDIO_GetCommandResponse                  0x08004f9f   Thumb Code     8  stm32f4xx_ll_sdmmc.o(i.SDIO_GetCommandResponse)
    SDIO_GetPowerState                       0x08004fa7   Thumb Code    10  stm32f4xx_ll_sdmmc.o(i.SDIO_GetPowerState)
    SDIO_GetResponse                         0x08004fb1   Thumb Code    12  stm32f4xx_ll_sdmmc.o(i.SDIO_GetResponse)
    SDIO_IRQHandler                          0x08004fbd   Thumb Code    10  stm32f4xx_it.o(i.SDIO_IRQHandler)
    SDIO_Init                                0x08004fcd   Thumb Code    52  stm32f4xx_ll_sdmmc.o(i.SDIO_Init)
    SDIO_PowerState_ON                       0x08005001   Thumb Code    10  stm32f4xx_ll_sdmmc.o(i.SDIO_PowerState_ON)
    SDIO_ReadFIFO                            0x0800500b   Thumb Code     8  stm32f4xx_ll_sdmmc.o(i.SDIO_ReadFIFO)
    SDIO_SendCommand                         0x08005013   Thumb Code    40  stm32f4xx_ll_sdmmc.o(i.SDIO_SendCommand)
    SDIO_WriteFIFO                           0x0800503b   Thumb Code    12  stm32f4xx_ll_sdmmc.o(i.SDIO_WriteFIFO)
    SDMMC_CmdAppCommand                      0x08005047   Thumb Code    56  stm32f4xx_ll_sdmmc.o(i.SDMMC_CmdAppCommand)
    SDMMC_CmdAppOperCommand                  0x08005081   Thumb Code    54  stm32f4xx_ll_sdmmc.o(i.SDMMC_CmdAppOperCommand)
    SDMMC_CmdBlockLength                     0x080050bd   Thumb Code    56  stm32f4xx_ll_sdmmc.o(i.SDMMC_CmdBlockLength)
    SDMMC_CmdBusWidth                        0x080050f5   Thumb Code    56  stm32f4xx_ll_sdmmc.o(i.SDMMC_CmdBusWidth)
    SDMMC_CmdGoIdleState                     0x0800512d   Thumb Code    44  stm32f4xx_ll_sdmmc.o(i.SDMMC_CmdGoIdleState)
    SDMMC_CmdOperCond                        0x08005159   Thumb Code    52  stm32f4xx_ll_sdmmc.o(i.SDMMC_CmdOperCond)
    SDMMC_CmdReadMultiBlock                  0x0800518d   Thumb Code    56  stm32f4xx_ll_sdmmc.o(i.SDMMC_CmdReadMultiBlock)
    SDMMC_CmdReadSingleBlock                 0x080051c5   Thumb Code    56  stm32f4xx_ll_sdmmc.o(i.SDMMC_CmdReadSingleBlock)
    SDMMC_CmdSelDesel                        0x080051fd   Thumb Code    58  stm32f4xx_ll_sdmmc.o(i.SDMMC_CmdSelDesel)
    SDMMC_CmdSendCID                         0x08005237   Thumb Code    50  stm32f4xx_ll_sdmmc.o(i.SDMMC_CmdSendCID)
    SDMMC_CmdSendCSD                         0x08005269   Thumb Code    50  stm32f4xx_ll_sdmmc.o(i.SDMMC_CmdSendCSD)
    SDMMC_CmdSendSCR                         0x0800529b   Thumb Code    56  stm32f4xx_ll_sdmmc.o(i.SDMMC_CmdSendSCR)
    SDMMC_CmdSendStatus                      0x080052d3   Thumb Code    56  stm32f4xx_ll_sdmmc.o(i.SDMMC_CmdSendStatus)
    SDMMC_CmdSetRelAdd                       0x0800530b   Thumb Code    56  stm32f4xx_ll_sdmmc.o(i.SDMMC_CmdSetRelAdd)
    SDMMC_CmdStopTransfer                    0x08005345   Thumb Code    54  stm32f4xx_ll_sdmmc.o(i.SDMMC_CmdStopTransfer)
    SDMMC_CmdWriteMultiBlock                 0x08005381   Thumb Code    56  stm32f4xx_ll_sdmmc.o(i.SDMMC_CmdWriteMultiBlock)
    SDMMC_CmdWriteSingleBlock                0x080053b9   Thumb Code    56  stm32f4xx_ll_sdmmc.o(i.SDMMC_CmdWriteSingleBlock)
    SDMMC_GetCmdResp1                        0x08005431   Thumb Code   418  stm32f4xx_ll_sdmmc.o(i.SDMMC_GetCmdResp1)
    SDMMC_GetCmdResp2                        0x080055dd   Thumb Code    96  stm32f4xx_ll_sdmmc.o(i.SDMMC_GetCmdResp2)
    SDMMC_GetCmdResp3                        0x08005641   Thumb Code    82  stm32f4xx_ll_sdmmc.o(i.SDMMC_GetCmdResp3)
    SDMMC_GetCmdResp6                        0x08005699   Thumb Code   180  stm32f4xx_ll_sdmmc.o(i.SDMMC_GetCmdResp6)
    SDMMC_GetCmdResp7                        0x08005751   Thumb Code   104  stm32f4xx_ll_sdmmc.o(i.SDMMC_GetCmdResp7)
    SD_initialize                            0x08005e25   Thumb Code    92  sd_diskio.o(i.SD_initialize)
    SD_ioctl                                 0x08005e8d   Thumb Code   102  sd_diskio.o(i.SD_ioctl)
    SD_read                                  0x08005ef9   Thumb Code   126  sd_diskio.o(i.SD_read)
    SD_status                                0x08005f7d   Thumb Code    12  sd_diskio.o(i.SD_status)
    SD_write                                 0x08005f89   Thumb Code   124  sd_diskio.o(i.SD_write)
    SPI_ReadWriteByte                        0x08006091   Thumb Code    32  spi.o(i.SPI_ReadWriteByte)
    SlaveAsciiRxIRQHandler                   0x0800618d   Thumb Code   190  ascii_slave.o(i.SlaveAsciiRxIRQHandler)
    StartDefaultTask                         0x0800625d   Thumb Code   318  us_freertos.o(i.StartDefaultTask)
    SysTick_Handler                          0x08006405   Thumb Code    46  port.o(i.SysTick_Handler)
    SystemClock_Config                       0x08006439   Thumb Code   190  main.o(i.SystemClock_Config)
    SystemInit                               0x08006501   Thumb Code    14  system_stm32f4xx.o(i.SystemInit)
    TIM1_UP_TIM10_IRQHandler                 0x08006515   Thumb Code    10  stm32f4xx_it.o(i.TIM1_UP_TIM10_IRQHandler)
    TIM2_IRQHandler                          0x08006525   Thumb Code    10  stm32f4xx_it.o(i.TIM2_IRQHandler)
    TIM3_IRQHandler                          0x08006535   Thumb Code    10  stm32f4xx_it.o(i.TIM3_IRQHandler)
    TIM_Base_SetConfig                       0x08006545   Thumb Code   186  stm32f4xx_hal_tim.o(i.TIM_Base_SetConfig)
    UART_Start_Receive_DMA                   0x08006b45   Thumb Code   186  stm32f4xx_hal_uart.o(i.UART_Start_Receive_DMA)
    UART_Start_Receive_IT                    0x08006c0d   Thumb Code    64  stm32f4xx_hal_uart.o(i.UART_Start_Receive_IT)
    USART1_IRQHandler                        0x08006d39   Thumb Code    10  stm32f4xx_it.o(i.USART1_IRQHandler)
    USART2_IRQHandler                        0x08006d49   Thumb Code    52  stm32f4xx_it.o(i.USART2_IRQHandler)
    USART3_IRQHandler                        0x08006d81   Thumb Code    16  stm32f4xx_it.o(i.USART3_IRQHandler)
    UsageFault_Handler                       0x08006d95   Thumb Code     4  stm32f4xx_it.o(i.UsageFault_Handler)
    __0printf$8                              0x08006d99   Thumb Code    22  printf8.o(i.__0printf$8)
    __1printf$8                              0x08006d99   Thumb Code     0  printf8.o(i.__0printf$8)
    __2printf                                0x08006d99   Thumb Code     0  printf8.o(i.__0printf$8)
    __0sprintf$8                             0x08006db9   Thumb Code    34  printf8.o(i.__0sprintf$8)
    __1sprintf$8                             0x08006db9   Thumb Code     0  printf8.o(i.__0sprintf$8)
    __2sprintf                               0x08006db9   Thumb Code     0  printf8.o(i.__0sprintf$8)
    __scatterload_copy                       0x08006e19   Thumb Code    14  handlers.o(i.__scatterload_copy)
    __scatterload_null                       0x08006e27   Thumb Code     2  handlers.o(i.__scatterload_null)
    __scatterload_zeroinit                   0x08006e29   Thumb Code    14  handlers.o(i.__scatterload_zeroinit)
    ascii_to_byte                            0x08007299   Thumb Code    46  mb_ascii_lrc.o(i.ascii_to_byte)
    delay_init                               0x080072c9   Thumb Code    20  delay.o(i.delay_init)
    delay_us                                 0x080072e5   Thumb Code    22  delay.o(i.delay_us)
    eTaskGetState                            0x08007301   Thumb Code   128  tasks.o(i.eTaskGetState)
    fputc                                    0x08007395   Thumb Code    22  usart.o(i.fputc)
    main                                     0x080073c1   Thumb Code    64  main.o(i.main)
    osDelay                                  0x0800740f   Thumb Code    24  cmsis_os.o(i.osDelay)
    osDelayUntil                             0x08007427   Thumb Code    28  cmsis_os.o(i.osDelayUntil)
    osKernelRunning                          0x08007443   Thumb Code    18  cmsis_os.o(i.osKernelRunning)
    osKernelStart                            0x08007455   Thumb Code    10  cmsis_os.o(i.osKernelStart)
    osKernelSysTick                          0x0800745f   Thumb Code    20  cmsis_os.o(i.osKernelSysTick)
    osMessageCreate                          0x08007473   Thumb Code    18  cmsis_os.o(i.osMessageCreate)
    osMessageGet                             0x08007485   Thumb Code   150  cmsis_os.o(i.osMessageGet)
    osMessagePut                             0x08007521   Thumb Code    92  cmsis_os.o(i.osMessagePut)
    osSemaphoreRelease                       0x08007581   Thumb Code    76  cmsis_os.o(i.osSemaphoreRelease)
    osThreadCreate                           0x080075d1   Thumb Code    48  cmsis_os.o(i.osThreadCreate)
    osThreadList                             0x08007601   Thumb Code    14  cmsis_os.o(i.osThreadList)
    pvPortMalloc                             0x080080bd   Thumb Code   306  heap_4.o(i.pvPortMalloc)
    pvTaskIncrementMutexHeldCount            0x08008209   Thumb Code    26  tasks.o(i.pvTaskIncrementMutexHeldCount)
    pxPortInitialiseStack                    0x08008229   Thumb Code    38  port.o(i.pxPortInitialiseStack)
    uxListRemove                             0x08008255   Thumb Code    40  list.o(i.uxListRemove)
    uxTaskGetSystemState                     0x0800827d   Thumb Code   152  tasks.o(i.uxTaskGetSystemState)
    vApplicationStackOverflowHook            0x0800832d   Thumb Code    14  us_freertos.o(i.vApplicationStackOverflowHook)
    vListInitialise                          0x08008359   Thumb Code    26  list.o(i.vListInitialise)
    vListInitialiseItem                      0x08008373   Thumb Code     6  list.o(i.vListInitialiseItem)
    vListInsert                              0x08008379   Thumb Code    52  list.o(i.vListInsert)
    vListInsertEnd                           0x080083ad   Thumb Code    24  list.o(i.vListInsertEnd)
    vPortEnterCritical                       0x080083c5   Thumb Code    76  port.o(i.vPortEnterCritical)
    vPortExitCritical                        0x08008419   Thumb Code    56  port.o(i.vPortExitCritical)
    vPortFree                                0x08008455   Thumb Code   150  heap_4.o(i.vPortFree)
    vPortSetupTimerInterrupt                 0x080084f9   Thumb Code    36  port.o(i.vPortSetupTimerInterrupt)
    vPortValidateInterruptPriority           0x08008521   Thumb Code   106  port.o(i.vPortValidateInterruptPriority)
    vQueueAddToRegistry                      0x08008599   Thumb Code    38  queue.o(i.vQueueAddToRegistry)
    vQueueWaitForMessageRestricted           0x080085c5   Thumb Code    74  queue.o(i.vQueueWaitForMessageRestricted)
    vTaskDelay                               0x08008611   Thumb Code    82  tasks.o(i.vTaskDelay)
    vTaskDelayUntil                          0x0800866d   Thumb Code   200  tasks.o(i.vTaskDelayUntil)
    vTaskGetInfo                             0x08008741   Thumb Code   126  tasks.o(i.vTaskGetInfo)
    vTaskInternalSetTimeOutState             0x080087c5   Thumb Code    14  tasks.o(i.vTaskInternalSetTimeOutState)
    vTaskList                                0x080087dd   Thumb Code   200  tasks.o(i.vTaskList)
    vTaskMissedYield                         0x080088b9   Thumb Code     8  tasks.o(i.vTaskMissedYield)
    vTaskPlaceOnEventList                    0x080088c5   Thumb Code    52  tasks.o(i.vTaskPlaceOnEventList)
    vTaskPlaceOnEventListRestricted          0x080088fd   Thumb Code    60  tasks.o(i.vTaskPlaceOnEventListRestricted)
    vTaskPriorityDisinheritAfterTimeout      0x0800893d   Thumb Code   216  tasks.o(i.vTaskPriorityDisinheritAfterTimeout)
    vTaskStartScheduler                      0x08008a21   Thumb Code   118  tasks.o(i.vTaskStartScheduler)
    vTaskSuspendAll                          0x08008ab5   Thumb Code    12  tasks.o(i.vTaskSuspendAll)
    vTaskSwitchContext                       0x08008ac5   Thumb Code   174  tasks.o(i.vTaskSwitchContext)
    xPortStartScheduler                      0x08008b89   Thumb Code   330  port.o(i.xPortStartScheduler)
    xQueueCreateMutex                        0x08008cf1   Thumb Code    34  queue.o(i.xQueueCreateMutex)
    xQueueGenericCreate                      0x08008d13   Thumb Code    84  queue.o(i.xQueueGenericCreate)
    xQueueGenericReset                       0x08008d69   Thumb Code   146  queue.o(i.xQueueGenericReset)
    xQueueGenericSend                        0x08008e01   Thumb Code   420  queue.o(i.xQueueGenericSend)
    xQueueGenericSendFromISR                 0x08008fa9   Thumb Code   252  queue.o(i.xQueueGenericSendFromISR)
    xQueueGiveFromISR                        0x080090a5   Thumb Code   224  queue.o(i.xQueueGiveFromISR)
    xQueueReceive                            0x08009185   Thumb Code   356  queue.o(i.xQueueReceive)
    xQueueReceiveFromISR                     0x080092ed   Thumb Code   202  queue.o(i.xQueueReceiveFromISR)
    xQueueSemaphoreTake                      0x080093b9   Thumb Code   434  queue.o(i.xQueueSemaphoreTake)
    xTaskCheckForTimeOut                     0x08009571   Thumb Code   132  tasks.o(i.xTaskCheckForTimeOut)
    xTaskCreate                              0x080095fd   Thumb Code    96  tasks.o(i.xTaskCreate)
    xTaskGetSchedulerState                   0x0800965d   Thumb Code    24  tasks.o(i.xTaskGetSchedulerState)
    xTaskGetTickCount                        0x0800967d   Thumb Code     6  tasks.o(i.xTaskGetTickCount)
    xTaskGetTickCountFromISR                 0x08009689   Thumb Code    16  tasks.o(i.xTaskGetTickCountFromISR)
    xTaskIncrementTick                       0x0800969d   Thumb Code   282  tasks.o(i.xTaskIncrementTick)
    xTaskPriorityDisinherit                  0x080097e5   Thumb Code   188  tasks.o(i.xTaskPriorityDisinherit)
    xTaskPriorityInherit                     0x080098ad   Thumb Code   172  tasks.o(i.xTaskPriorityInherit)
    xTaskRemoveFromEventList                 0x08009965   Thumb Code   128  tasks.o(i.xTaskRemoveFromEventList)
    xTaskResumeAll                           0x080099fd   Thumb Code   224  tasks.o(i.xTaskResumeAll)
    xTimerCreateTimerTask                    0x08009b01   Thumb Code    64  timers.o(i.xTimerCreateTimerTask)
    xTimerGenericCommand                     0x08009b55   Thumb Code   126  timers.o(i.xTimerGenericCommand)
    SD_Driver                                0x08009c7c   Data          20  sd_diskio.o(.constdata)
    AHBPrescTable                            0x08009ca0   Data          16  system_stm32f4xx.o(.constdata)
    APBPrescTable                            0x08009cb0   Data           8  system_stm32f4xx.o(.constdata)
    Region$$Table$$Base                      0x08009d08   Number         0  anon$$obj.o(Region$$Table)
    Region$$Table$$Limit                     0x08009d28   Number         0  anon$$obj.o(Region$$Table)
    flash_handle                             0x20000014   Data           8  flash.o(.data)
    DI_Event_QueueHandle                     0x2000001c   Data           4  gpio.o(.data)
    DO_Event_QueueHandle                     0x20000020   Data           4  gpio.o(.data)
    DIDO_MutexSemHandle                      0x20000024   Data           4  gpio.o(.data)
    di_channels                              0x20000028   Data          64  gpio.o(.data)
    do_channels                              0x20000068   Data          40  gpio.o(.data)
    DefaultTaskHandle                        0x20000090   Data           4  us_freertos.o(.data)
    DI_FILTER_TASKHANDLE                     0x20000094   Data           4  us_freertos.o(.data)
    DO_CONTROL_TASKHANDLE                    0x20000098   Data           4  us_freertos.o(.data)
    CAN1_TASKHandle                          0x2000009c   Data           4  us_freertos.o(.data)
    USART1_TASKHandle                        0x200000a0   Data           4  us_freertos.o(.data)
    USART2_TASKHandle                        0x200000a4   Data           4  us_freertos.o(.data)
    USART3_TASKHandle                        0x200000a8   Data           4  us_freertos.o(.data)
    SYSTEM_WAKEUP_TASKHandle                 0x200000ac   Data           4  us_freertos.o(.data)
    IWDG_TASKHandle                          0x200000b0   Data           4  us_freertos.o(.data)
    HEALTH_MONITOR_TASKHandle                0x200000b4   Data           4  us_freertos.o(.data)
    TCP_SERVER_TASKHandle                    0x200000b8   Data           4  us_freertos.o(.data)
    TCP_CLIENT_TASKHandle                    0x200000bc   Data           4  us_freertos.o(.data)
    UDP_SERVER_TASKHandle                    0x200000c0   Data           4  us_freertos.o(.data)
    UDP_CLIENT_TASKHandle                    0x200000c4   Data           4  us_freertos.o(.data)
    WIFI_STA_TASKHandle                      0x200000c8   Data           4  us_freertos.o(.data)
    WIFI_AP_TASKHandle                       0x200000cc   Data           4  us_freertos.o(.data)
    SD_CARD_TASKHandle                       0x200000d0   Data           4  us_freertos.o(.data)
    MBRTU_SLAVE_TASKHandle                   0x200000d4   Data           4  us_freertos.o(.data)
    myTimer01Handle                          0x200000d8   Data           4  us_freertos.o(.data)
    retSD                                    0x200000dc   Data           1  fatfs.o(.data)
    SDPath                                   0x200000dd   Data           4  fatfs.o(.data)
    RxPktSemaphore                           0x200000f4   Data           4  ethernetif.o(.data)
    TxPktSemaphore                           0x200000f8   Data           4  ethernetif.o(.data)
    LAN8742_IOCtx                            0x200000fc   Data          20  ethernetif.o(.data)
    uwTick                                   0x20000110   Data           4  stm32f4xx_hal.o(.data)
    uwTickPrio                               0x20000114   Data           4  stm32f4xx_hal.o(.data)
    uwTickFreq                               0x20000118   Data           1  stm32f4xx_hal.o(.data)
    SystemCoreClock                          0x2000011c   Data           4  system_stm32f4xx.o(.data)
    pxCurrentTCB                             0x20000120   Data           4  tasks.o(.data)
    __stdout                                 0x2000019c   Data           4  stdout.o(.data)
    htim1                                    0x200001a0   Data          72  stm32f4xx_hal_timebase_tim.o(.bss)
    at_cmd_instance                          0x200001e8   Data        1052  at_cfg.o(.bss)
    device_info                              0x20000604   Data         538  flash.o(.bss)
    huart1                                   0x20000820   Data          72  usart.o(.bss)
    huart2                                   0x20000868   Data          72  usart.o(.bss)
    huart3                                   0x200008b0   Data          72  usart.o(.bss)
    hdma_usart1_rx                           0x200008f8   Data          96  usart.o(.bss)
    hdma_usart1_tx                           0x20000958   Data          96  usart.o(.bss)
    hdma_usart2_rx                           0x200009b8   Data          96  usart.o(.bss)
    hdma_usart2_tx                           0x20000a18   Data          96  usart.o(.bss)
    hdma_usart3_rx                           0x20000a78   Data          96  usart.o(.bss)
    hdma_usart3_tx                           0x20000ad8   Data          96  usart.o(.bss)
    hrtc                                     0x20000b38   Data          32  rtc.o(.bss)
    SysTime                                  0x20000b58   Data          10  rtc.o(.bss)
    hcan1                                    0x20000b64   Data          40  can.o(.bss)
    hspi5                                    0x20000b8c   Data          88  spi.o(.bss)
    hsd                                      0x20000be8   Data         132  sdio.o(.bss)
    hdma_sdio_rx                             0x20000c6c   Data          96  sdio.o(.bss)
    hdma_sdio_tx                             0x20000ccc   Data          96  sdio.o(.bss)
    SDCardInfo                               0x20000d30   Data          32  sdio.o(.bss)
    htim2                                    0x20000d50   Data          72  tim.o(.bss)
    htim3                                    0x20000d98   Data          72  tim.o(.bss)
    ascii_slave_rx_buff                      0x20000de0   Data         512  ascii_slave.o(.bss)
    ascii_slave_tx_buff                      0x20000fe0   Data        1024  ascii_slave.o(.bss)
    ascii_slave                              0x200013e0   Data          12  ascii_slave.o(.bss)
    memp_memory_RX_POOL_base                 0x200013ec   Data       18819  ethernetif.o(.bss)
    DMARxDscrTab                             0x20005d80   Data         160  ethernetif.o(.bss)
    DMATxDscrTab                             0x20005e20   Data         160  ethernetif.o(.bss)
    heth                                     0x20005ec0   Data         176  ethernetif.o(.bss)
    TxConfig                                 0x20005f70   Data          56  ethernetif.o(.bss)
    LAN8742                                  0x20005fa8   Data          32  ethernetif.o(.bss)
    xQueueRegistry                           0x20005fc8   Data         128  queue.o(.bss)
    disk                                     0x20012b54   Data          12  ff_gen_drv.o(.bss)
    __initial_sp                             0x20013b60   Data           0  startup_stm32f429xx.o(STACK)



==============================================================================

Memory Map of the image

  Image Entry point : 0x080001ad

  Load Region LR_IROM1 (Base: 0x08000000, Size: 0x00009ec8, Max: 0x00100000, ABSOLUTE, COMPRESSED[0x00009d88])

    Execution Region ER_IROM1 (Exec base: 0x08000000, Load base: 0x08000000, Size: 0x00009d28, Max: 0x00100000, ABSOLUTE)

    Exec Addr    Load Addr    Size         Type   Attr      Idx    E Section Name        Object

    0x08000000   0x08000000   0x000001ac   Data   RO         3393    RESET               startup_stm32f429xx.o
    0x080001ac   0x080001ac   0x00000000   Code   RO        15662  * .ARM.Collect$$$$00000000  mc_w.l(entry.o)
    0x080001ac   0x080001ac   0x00000004   Code   RO        16022    .ARM.Collect$$$$00000001  mc_w.l(entry2.o)
    0x080001b0   0x080001b0   0x00000004   Code   RO        16025    .ARM.Collect$$$$00000004  mc_w.l(entry5.o)
    0x080001b4   0x080001b4   0x00000000   Code   RO        16027    .ARM.Collect$$$$00000008  mc_w.l(entry7b.o)
    0x080001b4   0x080001b4   0x00000000   Code   RO        16029    .ARM.Collect$$$$0000000A  mc_w.l(entry8b.o)
    0x080001b4   0x080001b4   0x00000008   Code   RO        16030    .ARM.Collect$$$$0000000B  mc_w.l(entry9a.o)
    0x080001bc   0x080001bc   0x00000004   Code   RO        16037    .ARM.Collect$$$$0000000E  mc_w.l(entry12b.o)
    0x080001c0   0x080001c0   0x00000000   Code   RO        16032    .ARM.Collect$$$$0000000F  mc_w.l(entry10a.o)
    0x080001c0   0x080001c0   0x00000000   Code   RO        16034    .ARM.Collect$$$$00000011  mc_w.l(entry11a.o)
    0x080001c0   0x080001c0   0x00000004   Code   RO        16023    .ARM.Collect$$$$00002712  mc_w.l(entry2.o)
    0x080001c4   0x080001c4   0x000000be   Code   RO        10203    .emb_text           port.o
    0x08000282   0x08000282   0x00000002   PAD
    0x08000284   0x08000284   0x00000024   Code   RO         3394    .text               startup_stm32f429xx.o
    0x080002a8   0x080002a8   0x00000062   Code   RO        15665    .text               mc_w.l(uldiv.o)
    0x0800030a   0x0800030a   0x00000040   Code   RO        15709    .text               mc_w.l(memmovea.o)
    0x0800034a   0x0800034a   0x00000024   Code   RO        15713    .text               mc_w.l(memseta.o)
    0x0800036e   0x0800036e   0x0000000e   Code   RO        15719    .text               mc_w.l(strlen.o)
    0x0800037c   0x0800037c   0x00000012   Code   RO        15723    .text               mc_w.l(strcpy.o)
    0x0800038e   0x0800038e   0x0000001e   Code   RO        15725    .text               mc_w.l(strncmp.o)
    0x080003ac   0x080003ac   0x0000001e   Code   RO        16041    .text               mc_w.l(llshl.o)
    0x080003ca   0x080003ca   0x00000020   Code   RO        16043    .text               mc_w.l(llushr.o)
    0x080003ea   0x080003ea   0x00000002   PAD
    0x080003ec   0x080003ec   0x00000024   Code   RO        16073    .text               mc_w.l(init.o)
    0x08000410   0x08000410   0x00000056   Code   RO        16091    .text               mc_w.l(__dczerorl2.o)
    0x08000466   0x08000466   0x00000002   PAD
    0x08000468   0x08000468   0x00000058   Code   RO          395    i.AT_Cmd_Init       at_cfg.o
    0x080004c0   0x080004c0   0x0000014c   Code   RO          398    i.AT_UART_RxCpltCallback  at_cfg.o
    0x0800060c   0x0800060c   0x00000002   Code   RO         2754    i.BSP_SD_AbortCallback  bsp_driver_sd.o
    0x0800060e   0x0800060e   0x00000002   PAD
    0x08000610   0x08000610   0x00000014   Code   RO         2757    i.BSP_SD_GetCardInfo  bsp_driver_sd.o
    0x08000624   0x08000624   0x00000018   Code   RO         2758    i.BSP_SD_GetCardState  bsp_driver_sd.o
    0x0800063c   0x0800063c   0x00000030   Code   RO         2760    i.BSP_SD_Init       bsp_driver_sd.o
    0x0800066c   0x0800066c   0x0000000c   Code   RO         2761    i.BSP_SD_IsDetected  bsp_driver_sd.o
    0x08000678   0x08000678   0x00000028   Code   RO         2763    i.BSP_SD_ReadBlocks_DMA  bsp_driver_sd.o
    0x080006a0   0x080006a0   0x00000014   Code   RO         2875    i.BSP_SD_ReadCpltCallback  sd_diskio.o
    0x080006b4   0x080006b4   0x00000028   Code   RO         2766    i.BSP_SD_WriteBlocks_DMA  bsp_driver_sd.o
    0x080006dc   0x080006dc   0x00000014   Code   RO         2876    i.BSP_SD_WriteCpltCallback  sd_diskio.o
    0x080006f0   0x080006f0   0x00000004   Code   RO            4    i.BusFault_Handler  stm32f4xx_it.o
    0x080006f4   0x080006f4   0x00000010   Code   RO            5    i.CAN1_RX0_IRQHandler  stm32f4xx_it.o
    0x08000704   0x08000704   0x000000a8   Code   RO          960    i.DI_Filter_Task    gpio.o
    0x080007ac   0x080007ac   0x00000010   Code   RO            6    i.DMA1_Stream1_IRQHandler  stm32f4xx_it.o
    0x080007bc   0x080007bc   0x00000010   Code   RO            7    i.DMA1_Stream3_IRQHandler  stm32f4xx_it.o
    0x080007cc   0x080007cc   0x00000010   Code   RO            8    i.DMA1_Stream5_IRQHandler  stm32f4xx_it.o
    0x080007dc   0x080007dc   0x00000010   Code   RO            9    i.DMA1_Stream6_IRQHandler  stm32f4xx_it.o
    0x080007ec   0x080007ec   0x00000010   Code   RO           10    i.DMA2_Stream2_IRQHandler  stm32f4xx_it.o
    0x080007fc   0x080007fc   0x00000010   Code   RO           11    i.DMA2_Stream3_IRQHandler  stm32f4xx_it.o
    0x0800080c   0x0800080c   0x00000010   Code   RO           12    i.DMA2_Stream6_IRQHandler  stm32f4xx_it.o
    0x0800081c   0x0800081c   0x00000010   Code   RO           13    i.DMA2_Stream7_IRQHandler  stm32f4xx_it.o
    0x0800082c   0x0800082c   0x00000034   Code   RO         5180    i.DMA_CalcBaseAndBitshift  stm32f4xx_hal_dma.o
    0x08000860   0x08000860   0x000000aa   Code   RO         5181    i.DMA_CheckFifoParam  stm32f4xx_hal_dma.o
    0x0800090a   0x0800090a   0x0000002c   Code   RO         5182    i.DMA_SetConfig     stm32f4xx_hal_dma.o
    0x08000936   0x08000936   0x00000002   PAD
    0x08000938   0x08000938   0x000000d4   Code   RO          961    i.DO_Control_Task   gpio.o
    0x08000a0c   0x08000a0c   0x00000002   Code   RO           14    i.DebugMon_Handler  stm32f4xx_it.o
    0x08000a0e   0x08000a0e   0x00000002   PAD
    0x08000a10   0x08000a10   0x00000010   Code   RO           15    i.ETH_IRQHandler    stm32f4xx_it.o
    0x08000a20   0x08000a20   0x00000004   Code   RO         3205    i.ETH_PHY_IO_DeInit  ethernetif.o
    0x08000a24   0x08000a24   0x00000008   Code   RO         3206    i.ETH_PHY_IO_GetTick  ethernetif.o
    0x08000a2c   0x08000a2c   0x00000010   Code   RO         3207    i.ETH_PHY_IO_Init   ethernetif.o
    0x08000a3c   0x08000a3c   0x00000024   Code   RO         3208    i.ETH_PHY_IO_ReadReg  ethernetif.o
    0x08000a60   0x08000a60   0x00000024   Code   RO         3209    i.ETH_PHY_IO_WriteReg  ethernetif.o
    0x08000a84   0x08000a84   0x0000000a   Code   RO         1589    i.EXTI0_IRQHandler  wkup.o
    0x08000a8e   0x08000a8e   0x00000006   Code   RO          719    i.Error_Handler     main.o
    0x08000a94   0x08000a94   0x00000012   Code   RO        15535    i.FATFS_LinkDriver  ff_gen_drv.o
    0x08000aa6   0x08000aa6   0x00000002   PAD
    0x08000aa8   0x08000aa8   0x00000054   Code   RO        15536    i.FATFS_LinkDriverEx  ff_gen_drv.o
    0x08000afc   0x08000afc   0x00000020   Code   RO          876    i.FLASH_CalculateChecksum  flash.o
    0x08000b1c   0x08000b1c   0x00000090   Code   RO          877    i.FLASH_EraseSector  flash.o
    0x08000bac   0x08000bac   0x000000be   Code   RO          878    i.FLASH_EraseSectorsForRange  flash.o
    0x08000c6a   0x08000c6a   0x00000002   PAD
    0x08000c6c   0x08000c6c   0x00000044   Code   RO          879    i.FLASH_GetSectorNumber  flash.o
    0x08000cb0   0x08000cb0   0x00000078   Code   RO          880    i.FLASH_Init        flash.o
    0x08000d28   0x08000d28   0x00000064   Code   RO          881    i.FLASH_ReadData    flash.o
    0x08000d8c   0x08000d8c   0x00000098   Code   RO          882    i.FLASH_StoreDeviceInfo  flash.o
    0x08000e24   0x08000e24   0x00000050   Code   RO          883    i.FLASH_VerifyDeviceInfo  flash.o
    0x08000e74   0x08000e74   0x00000064   Code   RO          884    i.FLASH_WAITForLastOperation  flash.o
    0x08000ed8   0x08000ed8   0x00000150   Code   RO          885    i.FLASH_WriteData   flash.o
    0x08001028   0x08001028   0x00000078   Code   RO         1152    i.Get_RTCTimeAndDate  rtc.o
    0x080010a0   0x080010a0   0x00000002   Code   RO         4391    i.HAL_CAN_ErrorCallback  stm32f4xx_hal_can.o
    0x080010a2   0x080010a2   0x0000024e   Code   RO         4398    i.HAL_CAN_IRQHandler  stm32f4xx_hal_can.o
    0x080012f0   0x080012f0   0x00000002   Code   RO         4406    i.HAL_CAN_RxFifo0FullCallback  stm32f4xx_hal_can.o
    0x080012f2   0x080012f2   0x00000002   Code   RO         4407    i.HAL_CAN_RxFifo0MsgPendingCallback  stm32f4xx_hal_can.o
    0x080012f4   0x080012f4   0x00000002   Code   RO         4408    i.HAL_CAN_RxFifo1FullCallback  stm32f4xx_hal_can.o
    0x080012f6   0x080012f6   0x00000002   Code   RO         4409    i.HAL_CAN_RxFifo1MsgPendingCallback  stm32f4xx_hal_can.o
    0x080012f8   0x080012f8   0x00000002   Code   RO         4410    i.HAL_CAN_SleepCallback  stm32f4xx_hal_can.o
    0x080012fa   0x080012fa   0x00000002   Code   RO         4413    i.HAL_CAN_TxMailbox0AbortCallback  stm32f4xx_hal_can.o
    0x080012fc   0x080012fc   0x00000002   Code   RO         4414    i.HAL_CAN_TxMailbox0CompleteCallback  stm32f4xx_hal_can.o
    0x080012fe   0x080012fe   0x00000002   Code   RO         4415    i.HAL_CAN_TxMailbox1AbortCallback  stm32f4xx_hal_can.o
    0x08001300   0x08001300   0x00000002   Code   RO         4416    i.HAL_CAN_TxMailbox1CompleteCallback  stm32f4xx_hal_can.o
    0x08001302   0x08001302   0x00000002   Code   RO         4417    i.HAL_CAN_TxMailbox2AbortCallback  stm32f4xx_hal_can.o
    0x08001304   0x08001304   0x00000002   Code   RO         4418    i.HAL_CAN_TxMailbox2CompleteCallback  stm32f4xx_hal_can.o
    0x08001306   0x08001306   0x00000002   Code   RO         4420    i.HAL_CAN_WakeUpFromRxMsgCallback  stm32f4xx_hal_can.o
    0x08001308   0x08001308   0x000000ac   Code   RO         5183    i.HAL_DMA_Abort     stm32f4xx_hal_dma.o
    0x080013b4   0x080013b4   0x00000028   Code   RO         5184    i.HAL_DMA_Abort_IT  stm32f4xx_hal_dma.o
    0x080013dc   0x080013dc   0x00000006   Code   RO         5186    i.HAL_DMA_GetError  stm32f4xx_hal_dma.o
    0x080013e2   0x080013e2   0x00000002   PAD
    0x080013e4   0x080013e4   0x00000240   Code   RO         5188    i.HAL_DMA_IRQHandler  stm32f4xx_hal_dma.o
    0x08001624   0x08001624   0x000000ec   Code   RO         5189    i.HAL_DMA_Init      stm32f4xx_hal_dma.o
    0x08001710   0x08001710   0x00000092   Code   RO         5193    i.HAL_DMA_Start_IT  stm32f4xx_hal_dma.o
    0x080017a2   0x080017a2   0x00000002   PAD
    0x080017a4   0x080017a4   0x00000028   Code   RO         5643    i.HAL_Delay         stm32f4xx_hal.o
    0x080017cc   0x080017cc   0x00000020   Code   RO         3210    i.HAL_ETH_ErrorCallback  ethernetif.o
    0x080017ec   0x080017ec   0x00000008   Code   RO         7763    i.HAL_ETH_GetDMAError  stm32f4xx_hal_eth.o
    0x080017f4   0x080017f4   0x00000108   Code   RO         7771    i.HAL_ETH_IRQHandler  stm32f4xx_hal_eth.o
    0x080018fc   0x080018fc   0x00000002   Code   RO         7775    i.HAL_ETH_PMTCallback  stm32f4xx_hal_eth.o
    0x080018fe   0x080018fe   0x0000006a   Code   RO         7777    i.HAL_ETH_ReadPHYRegister  stm32f4xx_hal_eth.o
    0x08001968   0x08001968   0x00000014   Code   RO         3214    i.HAL_ETH_RxCpltCallback  ethernetif.o
    0x0800197c   0x0800197c   0x00000058   Code   RO         7789    i.HAL_ETH_SetMDIOClockRange  stm32f4xx_hal_eth.o
    0x080019d4   0x080019d4   0x00000014   Code   RO         3216    i.HAL_ETH_TxCpltCallback  ethernetif.o
    0x080019e8   0x080019e8   0x00000002   Code   RO         7804    i.HAL_ETH_WakeUpCallback  stm32f4xx_hal_eth.o
    0x080019ea   0x080019ea   0x00000068   Code   RO         7805    i.HAL_ETH_WritePHYRegister  stm32f4xx_hal_eth.o
    0x08001a52   0x08001a52   0x00000002   Code   RO         1590    i.HAL_GPIO_EXTI_Callback  wkup.o
    0x08001a54   0x08001a54   0x0000001c   Code   RO         5075    i.HAL_GPIO_EXTI_IRQHandler  stm32f4xx_hal_gpio.o
    0x08001a70   0x08001a70   0x00000210   Code   RO         5076    i.HAL_GPIO_Init     stm32f4xx_hal_gpio.o
    0x08001c80   0x08001c80   0x00000010   Code   RO         5078    i.HAL_GPIO_ReadPin  stm32f4xx_hal_gpio.o
    0x08001c90   0x08001c90   0x00000014   Code   RO         5079    i.HAL_GPIO_TogglePin  stm32f4xx_hal_gpio.o
    0x08001ca4   0x08001ca4   0x0000000c   Code   RO         5080    i.HAL_GPIO_WritePin  stm32f4xx_hal_gpio.o
    0x08001cb0   0x08001cb0   0x0000000c   Code   RO         5651    i.HAL_GetTick       stm32f4xx_hal.o
    0x08001cbc   0x08001cbc   0x00000018   Code   RO         5657    i.HAL_IncTick       stm32f4xx_hal.o
    0x08001cd4   0x08001cd4   0x0000003c   Code   RO         5658    i.HAL_Init          stm32f4xx_hal.o
    0x08001d10   0x08001d10   0x000000a0   Code   RO          331    i.HAL_InitTick      stm32f4xx_hal_timebase_tim.o
    0x08001db0   0x08001db0   0x00000054   Code   RO          370    i.HAL_MspInit       stm32f4xx_hal_msp.o
    0x08001e04   0x08001e04   0x00000028   Code   RO         5486    i.HAL_NVIC_EnableIRQ  stm32f4xx_hal_cortex.o
    0x08001e2c   0x08001e2c   0x0000007c   Code   RO         5492    i.HAL_NVIC_SetPriority  stm32f4xx_hal_cortex.o
    0x08001ea8   0x08001ea8   0x00000028   Code   RO         5493    i.HAL_NVIC_SetPriorityGrouping  stm32f4xx_hal_cortex.o
    0x08001ed0   0x08001ed0   0x0000008c   Code   RO         5412    i.HAL_PWREx_EnableOverDrive  stm32f4xx_hal_pwr_ex.o
    0x08001f5c   0x08001f5c   0x00000304   Code   RO         4727    i.HAL_RCCEx_PeriphCLKConfig  stm32f4xx_hal_rcc_ex.o
    0x08002260   0x08002260   0x00000184   Code   RO         4620    i.HAL_RCC_ClockConfig  stm32f4xx_hal_rcc.o
    0x080023e4   0x080023e4   0x00000044   Code   RO         4624    i.HAL_RCC_GetClockConfig  stm32f4xx_hal_rcc.o
    0x08002428   0x08002428   0x0000000c   Code   RO         4625    i.HAL_RCC_GetHCLKFreq  stm32f4xx_hal_rcc.o
    0x08002434   0x08002434   0x00000020   Code   RO         4627    i.HAL_RCC_GetPCLK1Freq  stm32f4xx_hal_rcc.o
    0x08002454   0x08002454   0x00000020   Code   RO         4628    i.HAL_RCC_GetPCLK2Freq  stm32f4xx_hal_rcc.o
    0x08002474   0x08002474   0x000000b0   Code   RO         4629    i.HAL_RCC_GetSysClockFreq  stm32f4xx_hal_rcc.o
    0x08002524   0x08002524   0x0000049c   Code   RO         4632    i.HAL_RCC_OscConfig  stm32f4xx_hal_rcc.o
    0x080029c0   0x080029c0   0x00000012   Code   RO         6827    i.HAL_RTCEx_BKUPRead  stm32f4xx_hal_rtc_ex.o
    0x080029d2   0x080029d2   0x00000012   Code   RO         6828    i.HAL_RTCEx_BKUPWrite  stm32f4xx_hal_rtc_ex.o
    0x080029e4   0x080029e4   0x0000004c   Code   RO         6662    i.HAL_RTC_GetDate   stm32f4xx_hal_rtc.o
    0x08002a30   0x08002a30   0x0000005c   Code   RO         6664    i.HAL_RTC_GetTime   stm32f4xx_hal_rtc.o
    0x08002a8c   0x08002a8c   0x000000b4   Code   RO         6665    i.HAL_RTC_Init      stm32f4xx_hal_rtc.o
    0x08002b40   0x08002b40   0x0000003c   Code   RO         1155    i.HAL_RTC_MspInit   rtc.o
    0x08002b7c   0x08002b7c   0x000000c0   Code   RO         6671    i.HAL_RTC_SetDate   stm32f4xx_hal_rtc.o
    0x08002c3c   0x08002c3c   0x000000ec   Code   RO         6672    i.HAL_RTC_SetTime   stm32f4xx_hal_rtc.o
    0x08002d28   0x08002d28   0x00000038   Code   RO         6673    i.HAL_RTC_WaitForSynchro  stm32f4xx_hal_rtc.o
    0x08002d60   0x08002d60   0x0000000a   Code   RO         2768    i.HAL_SD_AbortCallback  bsp_driver_sd.o
    0x08002d6a   0x08002d6a   0x00000002   PAD
    0x08002d6c   0x08002d6c   0x000000c8   Code   RO         8124    i.HAL_SD_ConfigWideBusOperation  stm32f4xx_hal_sd.o
    0x08002e34   0x08002e34   0x00000002   Code   RO         8127    i.HAL_SD_ErrorCallback  stm32f4xx_hal_sd.o
    0x08002e36   0x08002e36   0x00000002   PAD
    0x08002e38   0x08002e38   0x000001c8   Code   RO         8129    i.HAL_SD_GetCardCSD  stm32f4xx_hal_sd.o
    0x08003000   0x08003000   0x00000026   Code   RO         8130    i.HAL_SD_GetCardInfo  stm32f4xx_hal_sd.o
    0x08003026   0x08003026   0x00000024   Code   RO         8131    i.HAL_SD_GetCardState  stm32f4xx_hal_sd.o
    0x0800304a   0x0800304a   0x00000002   PAD
    0x0800304c   0x0800304c   0x0000021c   Code   RO         8135    i.HAL_SD_IRQHandler  stm32f4xx_hal_sd.o
    0x08003268   0x08003268   0x0000003c   Code   RO         8136    i.HAL_SD_Init       stm32f4xx_hal_sd.o
    0x080032a4   0x080032a4   0x000000b0   Code   RO         8137    i.HAL_SD_InitCard   stm32f4xx_hal_sd.o
    0x08003354   0x08003354   0x0000018c   Code   RO         1309    i.HAL_SD_MspInit    sdio.o
    0x080034e0   0x080034e0   0x00000150   Code   RO         8141    i.HAL_SD_ReadBlocks_DMA  stm32f4xx_hal_sd.o
    0x08003630   0x08003630   0x0000000a   Code   RO         2769    i.HAL_SD_RxCpltCallback  bsp_driver_sd.o
    0x0800363a   0x0800363a   0x0000000a   Code   RO         2770    i.HAL_SD_TxCpltCallback  bsp_driver_sd.o
    0x08003644   0x08003644   0x00000154   Code   RO         8146    i.HAL_SD_WriteBlocks_DMA  stm32f4xx_hal_sd.o
    0x08003798   0x08003798   0x000000c8   Code   RO         7065    i.HAL_SPI_Init      stm32f4xx_hal_spi.o
    0x08003860   0x08003860   0x000000a0   Code   RO         1261    i.HAL_SPI_MspInit   spi.o
    0x08003900   0x08003900   0x00000248   Code   RO         7074    i.HAL_SPI_TransmitReceive  stm32f4xx_hal_spi.o
    0x08003b48   0x08003b48   0x00000002   Code   RO         4118    i.HAL_TIMEx_BreakCallback  stm32f4xx_hal_tim_ex.o
    0x08003b4a   0x08003b4a   0x00000002   Code   RO         4119    i.HAL_TIMEx_CommutCallback  stm32f4xx_hal_tim_ex.o
    0x08003b4c   0x08003b4c   0x00000066   Code   RO         3403    i.HAL_TIM_Base_Init  stm32f4xx_hal_tim.o
    0x08003bb2   0x08003bb2   0x00000002   PAD
    0x08003bb4   0x08003bb4   0x000000c0   Code   RO         1447    i.HAL_TIM_Base_MspInit  tim.o
    0x08003c74   0x08003c74   0x000000a8   Code   RO         3408    i.HAL_TIM_Base_Start_IT  stm32f4xx_hal_tim.o
    0x08003d1c   0x08003d1c   0x00000002   Code   RO         3437    i.HAL_TIM_IC_CaptureCallback  stm32f4xx_hal_tim.o
    0x08003d1e   0x08003d1e   0x0000016c   Code   RO         3451    i.HAL_TIM_IRQHandler  stm32f4xx_hal_tim.o
    0x08003e8a   0x08003e8a   0x00000002   Code   RO         3454    i.HAL_TIM_OC_DelayElapsedCallback  stm32f4xx_hal_tim.o
    0x08003e8c   0x08003e8c   0x00000002   Code   RO         3481    i.HAL_TIM_PWM_PulseFinishedCallback  stm32f4xx_hal_tim.o
    0x08003e8e   0x08003e8e   0x00000002   PAD
    0x08003e90   0x08003e90   0x00000018   Code   RO          720    i.HAL_TIM_PeriodElapsedCallback  main.o
    0x08003ea8   0x08003ea8   0x00000002   Code   RO         3494    i.HAL_TIM_TriggerCallback  stm32f4xx_hal_tim.o
    0x08003eaa   0x08003eaa   0x00000002   Code   RO         7388    i.HAL_UARTEx_RxEventCallback  stm32f4xx_hal_uart.o
    0x08003eac   0x08003eac   0x0000008a   Code   RO         7400    i.HAL_UART_DMAStop  stm32f4xx_hal_uart.o
    0x08003f36   0x08003f36   0x00000002   Code   RO         7402    i.HAL_UART_ErrorCallback  stm32f4xx_hal_uart.o
    0x08003f38   0x08003f38   0x000002e8   Code   RO         7405    i.HAL_UART_IRQHandler  stm32f4xx_hal_uart.o
    0x08004220   0x08004220   0x00000076   Code   RO         7406    i.HAL_UART_Init     stm32f4xx_hal_uart.o
    0x08004296   0x08004296   0x00000002   PAD
    0x08004298   0x08004298   0x00000358   Code   RO         1015    i.HAL_UART_MspInit  usart.o
    0x080045f0   0x080045f0   0x0000002c   Code   RO         7410    i.HAL_UART_Receive_DMA  stm32f4xx_hal_uart.o
    0x0800461c   0x0800461c   0x0000002c   Code   RO         7411    i.HAL_UART_Receive_IT  stm32f4xx_hal_uart.o
    0x08004648   0x08004648   0x00000002   Code   RO         7412    i.HAL_UART_RxCpltCallback  stm32f4xx_hal_uart.o
    0x0800464a   0x0800464a   0x00000002   Code   RO         7413    i.HAL_UART_RxHalfCpltCallback  stm32f4xx_hal_uart.o
    0x0800464c   0x0800464c   0x000000be   Code   RO         7414    i.HAL_UART_Transmit  stm32f4xx_hal_uart.o
    0x0800470a   0x0800470a   0x00000002   Code   RO         7417    i.HAL_UART_TxCpltCallback  stm32f4xx_hal_uart.o
    0x0800470c   0x0800470c   0x00000004   Code   RO           16    i.HardFault_Handler  stm32f4xx_it.o
    0x08004710   0x08004710   0x00000064   Code   RO         1381    i.IIC_Init          iic.o
    0x08004774   0x08004774   0x0000009c   Code   RO         1384    i.IIC_SendByte      iic.o
    0x08004810   0x08004810   0x00000070   Code   RO         1385    i.IIC_Start         iic.o
    0x08004880   0x08004880   0x00000070   Code   RO         1386    i.IIC_Stop          iic.o
    0x080048f0   0x080048f0   0x00000070   Code   RO         1387    i.IIC_WaitAck       iic.o
    0x08004960   0x08004960   0x000000c8   Code   RO         1098    i.MX_DMA_Init       dma.o
    0x08004a28   0x08004a28   0x0000004c   Code   RO          827    i.MX_DWT_Init       dwt.o
    0x08004a74   0x08004a74   0x0000001c   Code   RO         2711    i.MX_FATFS_Init     fatfs.o
    0x08004a90   0x08004a90   0x00000028   Code   RO         1925    i.MX_FREERTOS_Init  us_freertos.o
    0x08004ab8   0x08004ab8   0x000001a8   Code   RO          962    i.MX_GPIO_Init      gpio.o
    0x08004c60   0x08004c60   0x000000b0   Code   RO         1156    i.MX_RTC_Init       rtc.o
    0x08004d10   0x08004d10   0x00000024   Code   RO         1310    i.MX_SDIO_SD_Init   sdio.o
    0x08004d34   0x08004d34   0x0000004c   Code   RO         1262    i.MX_SPI5_Init      spi.o
    0x08004d80   0x08004d80   0x00000038   Code   RO         1016    i.MX_USART1_UART_Init  usart.o
    0x08004db8   0x08004db8   0x00000038   Code   RO         1017    i.MX_USART2_UART_Init  usart.o
    0x08004df0   0x08004df0   0x00000038   Code   RO         1018    i.MX_USART3_UART_Init  usart.o
    0x08004e28   0x08004e28   0x00000004   Code   RO           17    i.MemManage_Handler  stm32f4xx_it.o
    0x08004e2c   0x08004e2c   0x00000004   Code   RO           18    i.NMI_Handler       stm32f4xx_it.o
    0x08004e30   0x08004e30   0x00000078   Code   RO         1730    i.PCF8574_Init      pcf8574.o
    0x08004ea8   0x08004ea8   0x00000022   Code   RO         1734    i.PCF8574_WriteByte  pcf8574.o
    0x08004eca   0x08004eca   0x00000016   Code   RO         6674    i.RTC_Bcd2ToByte    stm32f4xx_hal_rtc.o
    0x08004ee0   0x08004ee0   0x0000001a   Code   RO         6675    i.RTC_ByteToBcd2    stm32f4xx_hal_rtc.o
    0x08004efa   0x08004efa   0x0000004a   Code   RO         6676    i.RTC_EnterInitMode  stm32f4xx_hal_rtc.o
    0x08004f44   0x08004f44   0x0000002e   Code   RO         6677    i.RTC_ExitInitMode  stm32f4xx_hal_rtc.o
    0x08004f72   0x08004f72   0x0000002c   Code   RO         8376    i.SDIO_ConfigData   stm32f4xx_ll_sdmmc.o
    0x08004f9e   0x08004f9e   0x00000008   Code   RO         8377    i.SDIO_GetCommandResponse  stm32f4xx_ll_sdmmc.o
    0x08004fa6   0x08004fa6   0x0000000a   Code   RO         8380    i.SDIO_GetPowerState  stm32f4xx_ll_sdmmc.o
    0x08004fb0   0x08004fb0   0x0000000c   Code   RO         8381    i.SDIO_GetResponse  stm32f4xx_ll_sdmmc.o
    0x08004fbc   0x08004fbc   0x00000010   Code   RO           19    i.SDIO_IRQHandler   stm32f4xx_it.o
    0x08004fcc   0x08004fcc   0x00000034   Code   RO         8382    i.SDIO_Init         stm32f4xx_ll_sdmmc.o
    0x08005000   0x08005000   0x0000000a   Code   RO         8384    i.SDIO_PowerState_ON  stm32f4xx_ll_sdmmc.o
    0x0800500a   0x0800500a   0x00000008   Code   RO         8385    i.SDIO_ReadFIFO     stm32f4xx_ll_sdmmc.o
    0x08005012   0x08005012   0x00000028   Code   RO         8386    i.SDIO_SendCommand  stm32f4xx_ll_sdmmc.o
    0x0800503a   0x0800503a   0x0000000c   Code   RO         8388    i.SDIO_WriteFIFO    stm32f4xx_ll_sdmmc.o
    0x08005046   0x08005046   0x00000038   Code   RO         8389    i.SDMMC_CmdAppCommand  stm32f4xx_ll_sdmmc.o
    0x0800507e   0x0800507e   0x00000002   PAD
    0x08005080   0x08005080   0x0000003c   Code   RO         8390    i.SDMMC_CmdAppOperCommand  stm32f4xx_ll_sdmmc.o
    0x080050bc   0x080050bc   0x00000038   Code   RO         8391    i.SDMMC_CmdBlockLength  stm32f4xx_ll_sdmmc.o
    0x080050f4   0x080050f4   0x00000038   Code   RO         8392    i.SDMMC_CmdBusWidth  stm32f4xx_ll_sdmmc.o
    0x0800512c   0x0800512c   0x0000002c   Code   RO         8396    i.SDMMC_CmdGoIdleState  stm32f4xx_ll_sdmmc.o
    0x08005158   0x08005158   0x00000034   Code   RO         8398    i.SDMMC_CmdOperCond  stm32f4xx_ll_sdmmc.o
    0x0800518c   0x0800518c   0x00000038   Code   RO         8399    i.SDMMC_CmdReadMultiBlock  stm32f4xx_ll_sdmmc.o
    0x080051c4   0x080051c4   0x00000038   Code   RO         8400    i.SDMMC_CmdReadSingleBlock  stm32f4xx_ll_sdmmc.o
    0x080051fc   0x080051fc   0x0000003a   Code   RO         8403    i.SDMMC_CmdSelDesel  stm32f4xx_ll_sdmmc.o
    0x08005236   0x08005236   0x00000032   Code   RO         8404    i.SDMMC_CmdSendCID  stm32f4xx_ll_sdmmc.o
    0x08005268   0x08005268   0x00000032   Code   RO         8405    i.SDMMC_CmdSendCSD  stm32f4xx_ll_sdmmc.o
    0x0800529a   0x0800529a   0x00000038   Code   RO         8407    i.SDMMC_CmdSendSCR  stm32f4xx_ll_sdmmc.o
    0x080052d2   0x080052d2   0x00000038   Code   RO         8408    i.SDMMC_CmdSendStatus  stm32f4xx_ll_sdmmc.o
    0x0800530a   0x0800530a   0x00000038   Code   RO         8409    i.SDMMC_CmdSetRelAdd  stm32f4xx_ll_sdmmc.o
    0x08005342   0x08005342   0x00000002   PAD
    0x08005344   0x08005344   0x0000003c   Code   RO         8412    i.SDMMC_CmdStopTransfer  stm32f4xx_ll_sdmmc.o
    0x08005380   0x08005380   0x00000038   Code   RO         8414    i.SDMMC_CmdWriteMultiBlock  stm32f4xx_ll_sdmmc.o
    0x080053b8   0x080053b8   0x00000038   Code   RO         8415    i.SDMMC_CmdWriteSingleBlock  stm32f4xx_ll_sdmmc.o
    0x080053f0   0x080053f0   0x00000040   Code   RO         8416    i.SDMMC_GetCmdError  stm32f4xx_ll_sdmmc.o
    0x08005430   0x08005430   0x000001ac   Code   RO         8417    i.SDMMC_GetCmdResp1  stm32f4xx_ll_sdmmc.o
    0x080055dc   0x080055dc   0x00000064   Code   RO         8418    i.SDMMC_GetCmdResp2  stm32f4xx_ll_sdmmc.o
    0x08005640   0x08005640   0x00000058   Code   RO         8419    i.SDMMC_GetCmdResp3  stm32f4xx_ll_sdmmc.o
    0x08005698   0x08005698   0x000000b8   Code   RO         8420    i.SDMMC_GetCmdResp6  stm32f4xx_ll_sdmmc.o
    0x08005750   0x08005750   0x0000006c   Code   RO         8421    i.SDMMC_GetCmdResp7  stm32f4xx_ll_sdmmc.o
    0x080057bc   0x080057bc   0x00000028   Code   RO         2877    i.SD_CheckStatus    sd_diskio.o
    0x080057e4   0x080057e4   0x00000026   Code   RO         2878    i.SD_CheckStatusWithTimeout  sd_diskio.o
    0x0800580a   0x0800580a   0x00000002   PAD
    0x0800580c   0x0800580c   0x00000074   Code   RO         8148    i.SD_DMAError       stm32f4xx_hal_sd.o
    0x08005880   0x08005880   0x00000048   Code   RO         8149    i.SD_DMAReceiveCplt  stm32f4xx_hal_sd.o
    0x080058c8   0x080058c8   0x00000048   Code   RO         8150    i.SD_DMARxAbort     stm32f4xx_hal_sd.o
    0x08005910   0x08005910   0x00000012   Code   RO         8151    i.SD_DMATransmitCplt  stm32f4xx_hal_sd.o
    0x08005922   0x08005922   0x00000048   Code   RO         8152    i.SD_DMATxAbort     stm32f4xx_hal_sd.o
    0x0800596a   0x0800596a   0x0000014c   Code   RO         8153    i.SD_FindSCR        stm32f4xx_hal_sd.o
    0x08005ab6   0x08005ab6   0x00000102   Code   RO         8154    i.SD_InitCard       stm32f4xx_hal_sd.o
    0x08005bb8   0x08005bb8   0x000000cc   Code   RO         8156    i.SD_PowerON        stm32f4xx_hal_sd.o
    0x08005c84   0x08005c84   0x0000004a   Code   RO         8157    i.SD_Read_IT        stm32f4xx_hal_sd.o
    0x08005cce   0x08005cce   0x00000030   Code   RO         8159    i.SD_SendStatus     stm32f4xx_hal_sd.o
    0x08005cfe   0x08005cfe   0x00000068   Code   RO         8160    i.SD_WideBus_Disable  stm32f4xx_hal_sd.o
    0x08005d66   0x08005d66   0x00000068   Code   RO         8161    i.SD_WideBus_Enable  stm32f4xx_hal_sd.o
    0x08005dce   0x08005dce   0x00000054   Code   RO         8162    i.SD_Write_IT       stm32f4xx_hal_sd.o
    0x08005e22   0x08005e22   0x00000002   PAD
    0x08005e24   0x08005e24   0x00000068   Code   RO         2879    i.SD_initialize     sd_diskio.o
    0x08005e8c   0x08005e8c   0x0000006c   Code   RO         2880    i.SD_ioctl          sd_diskio.o
    0x08005ef8   0x08005ef8   0x00000084   Code   RO         2881    i.SD_read           sd_diskio.o
    0x08005f7c   0x08005f7c   0x0000000c   Code   RO         2882    i.SD_status         sd_diskio.o
    0x08005f88   0x08005f88   0x00000080   Code   RO         2883    i.SD_write          sd_diskio.o
    0x08006008   0x08006008   0x00000088   Code   RO         7103    i.SPI_EndRxTxTransaction  stm32f4xx_hal_spi.o
    0x08006090   0x08006090   0x00000024   Code   RO         1263    i.SPI_ReadWriteByte  spi.o
    0x080060b4   0x080060b4   0x000000d8   Code   RO         7108    i.SPI_WaitFlagStateUntilTimeout  stm32f4xx_hal_spi.o
    0x0800618c   0x0800618c   0x000000d0   Code   RO         2272    i.SlaveAsciiRxIRQHandler  ascii_slave.o
    0x0800625c   0x0800625c   0x000001a8   Code   RO         1926    i.StartDefaultTask  us_freertos.o
    0x08006404   0x08006404   0x00000034   Code   RO        10204    i.SysTick_Handler   port.o
    0x08006438   0x08006438   0x000000c8   Code   RO          721    i.SystemClock_Config  main.o
    0x08006500   0x08006500   0x00000014   Code   RO         8670    i.SystemInit        system_stm32f4xx.o
    0x08006514   0x08006514   0x00000010   Code   RO           20    i.TIM1_UP_TIM10_IRQHandler  stm32f4xx_it.o
    0x08006524   0x08006524   0x00000010   Code   RO           21    i.TIM2_IRQHandler   stm32f4xx_it.o
    0x08006534   0x08006534   0x00000010   Code   RO           22    i.TIM3_IRQHandler   stm32f4xx_it.o
    0x08006544   0x08006544   0x000000e8   Code   RO         3496    i.TIM_Base_SetConfig  stm32f4xx_hal_tim.o
    0x0800662c   0x0800662c   0x00000014   Code   RO         7419    i.UART_DMAAbortOnError  stm32f4xx_hal_uart.o
    0x08006640   0x08006640   0x00000050   Code   RO         7420    i.UART_DMAError     stm32f4xx_hal_uart.o
    0x08006690   0x08006690   0x000000b4   Code   RO         7421    i.UART_DMAReceiveCplt  stm32f4xx_hal_uart.o
    0x08006744   0x08006744   0x00000024   Code   RO         7423    i.UART_DMARxHalfCplt  stm32f4xx_hal_uart.o
    0x08006768   0x08006768   0x0000006c   Code   RO         7429    i.UART_EndRxTransfer  stm32f4xx_hal_uart.o
    0x080067d4   0x080067d4   0x00000020   Code   RO         7430    i.UART_EndTransmit_IT  stm32f4xx_hal_uart.o
    0x080067f4   0x080067f4   0x00000026   Code   RO         7431    i.UART_EndTxTransfer  stm32f4xx_hal_uart.o
    0x0800681a   0x0800681a   0x000000fc   Code   RO         7432    i.UART_Receive_IT   stm32f4xx_hal_uart.o
    0x08006916   0x08006916   0x00000002   PAD
    0x08006918   0x08006918   0x0000022c   Code   RO         7433    i.UART_SetConfig    stm32f4xx_hal_uart.o
    0x08006b44   0x08006b44   0x000000c8   Code   RO         7434    i.UART_Start_Receive_DMA  stm32f4xx_hal_uart.o
    0x08006c0c   0x08006c0c   0x00000040   Code   RO         7435    i.UART_Start_Receive_IT  stm32f4xx_hal_uart.o
    0x08006c4c   0x08006c4c   0x00000060   Code   RO         7436    i.UART_Transmit_IT  stm32f4xx_hal_uart.o
    0x08006cac   0x08006cac   0x0000008c   Code   RO         7437    i.UART_WaitOnFlagUntilTimeout  stm32f4xx_hal_uart.o
    0x08006d38   0x08006d38   0x00000010   Code   RO           23    i.USART1_IRQHandler  stm32f4xx_it.o
    0x08006d48   0x08006d48   0x00000038   Code   RO           24    i.USART2_IRQHandler  stm32f4xx_it.o
    0x08006d80   0x08006d80   0x00000014   Code   RO           25    i.USART3_IRQHandler  stm32f4xx_it.o
    0x08006d94   0x08006d94   0x00000004   Code   RO           26    i.UsageFault_Handler  stm32f4xx_it.o
    0x08006d98   0x08006d98   0x00000020   Code   RO        15938    i.__0printf$8       mc_w.l(printf8.o)
    0x08006db8   0x08006db8   0x00000028   Code   RO        15940    i.__0sprintf$8      mc_w.l(printf8.o)
    0x08006de0   0x08006de0   0x00000010   Code   RO         5499    i.__NVIC_GetPriorityGrouping  stm32f4xx_hal_cortex.o
    0x08006df0   0x08006df0   0x00000028   Code   RO         5500    i.__NVIC_SetPriority  stm32f4xx_hal_cortex.o
    0x08006e18   0x08006e18   0x0000000e   Code   RO        16085    i.__scatterload_copy  mc_w.l(handlers.o)
    0x08006e26   0x08006e26   0x00000002   Code   RO        16086    i.__scatterload_null  mc_w.l(handlers.o)
    0x08006e28   0x08006e28   0x0000000e   Code   RO        16087    i.__scatterload_zeroinit  mc_w.l(handlers.o)
    0x08006e36   0x08006e36   0x00000002   PAD
    0x08006e38   0x08006e38   0x00000404   Code   RO        15945    i._printf_core      mc_w.l(printf8.o)
    0x0800723c   0x0800723c   0x00000024   Code   RO        15946    i._printf_post_padding  mc_w.l(printf8.o)
    0x08007260   0x08007260   0x0000002e   Code   RO        15947    i._printf_pre_padding  mc_w.l(printf8.o)
    0x0800728e   0x0800728e   0x0000000a   Code   RO        15949    i._sputc            mc_w.l(printf8.o)
    0x08007298   0x08007298   0x0000002e   Code   RO         2206    i.ascii_to_byte     mb_ascii_lrc.o
    0x080072c6   0x080072c6   0x00000002   PAD
    0x080072c8   0x080072c8   0x0000001c   Code   RO          784    i.delay_init        delay.o
    0x080072e4   0x080072e4   0x0000001c   Code   RO          786    i.delay_us          delay.o
    0x08007300   0x08007300   0x00000094   Code   RO         9232    i.eTaskGetState     tasks.o
    0x08007394   0x08007394   0x0000001c   Code   RO         1023    i.fputc             usart.o
    0x080073b0   0x080073b0   0x00000010   Code   RO         9779    i.inHandlerMode     cmsis_os.o
    0x080073c0   0x080073c0   0x00000040   Code   RO          722    i.main              main.o
    0x08007400   0x08007400   0x0000000e   Code   RO         9781    i.makeFreeRtosPriority  cmsis_os.o
    0x0800740e   0x0800740e   0x00000018   Code   RO         9783    i.osDelay           cmsis_os.o
    0x08007426   0x08007426   0x0000001c   Code   RO         9784    i.osDelayUntil      cmsis_os.o
    0x08007442   0x08007442   0x00000012   Code   RO         9785    i.osKernelRunning   cmsis_os.o
    0x08007454   0x08007454   0x0000000a   Code   RO         9786    i.osKernelStart     cmsis_os.o
    0x0800745e   0x0800745e   0x00000014   Code   RO         9787    i.osKernelSysTick   cmsis_os.o
    0x08007472   0x08007472   0x00000012   Code   RO         9795    i.osMessageCreate   cmsis_os.o
    0x08007484   0x08007484   0x0000009c   Code   RO         9797    i.osMessageGet      cmsis_os.o
    0x08007520   0x08007520   0x00000060   Code   RO         9799    i.osMessagePut      cmsis_os.o
    0x08007580   0x08007580   0x00000050   Code   RO         9815    i.osSemaphoreRelease  cmsis_os.o
    0x080075d0   0x080075d0   0x00000030   Code   RO         9820    i.osThreadCreate    cmsis_os.o
    0x08007600   0x08007600   0x0000000e   Code   RO         9823    i.osThreadList      cmsis_os.o
    0x0800760e   0x0800760e   0x00000002   PAD
    0x08007610   0x08007610   0x00000098   Code   RO         9234    i.prvAddCurrentTaskToDelayedList  tasks.o
    0x080076a8   0x080076a8   0x000000b8   Code   RO         9235    i.prvAddNewTaskToReadyList  tasks.o
    0x08007760   0x08007760   0x00000064   Code   RO         9619    i.prvCheckForValidListAndQueue  timers.o
    0x080077c4   0x080077c4   0x00000048   Code   RO         9236    i.prvCheckTasksWaitingTermination  tasks.o
    0x0800780c   0x0800780c   0x0000002a   Code   RO         8857    i.prvCopyDataFromQueue  queue.o
    0x08007836   0x08007836   0x0000007e   Code   RO         8858    i.prvCopyDataToQueue  queue.o
    0x080078b4   0x080078b4   0x00000012   Code   RO         9237    i.prvDeleteTCB      tasks.o
    0x080078c6   0x080078c6   0x00000014   Code   RO         8859    i.prvGetDisinheritPriorityAfterTimeout  queue.o
    0x080078da   0x080078da   0x00000002   PAD
    0x080078dc   0x080078dc   0x00000028   Code   RO         9620    i.prvGetNextExpireTime  timers.o
    0x08007904   0x08007904   0x0000007c   Code   RO        10148    i.prvHeapInit       heap_4.o
    0x08007980   0x08007980   0x00000028   Code   RO         9238    i.prvIdleTask       tasks.o
    0x080079a8   0x080079a8   0x0000001e   Code   RO         8860    i.prvInitialiseMutex  queue.o
    0x080079c6   0x080079c6   0x0000002a   Code   RO         8861    i.prvInitialiseNewQueue  queue.o
    0x080079f0   0x080079f0   0x000000be   Code   RO         9239    i.prvInitialiseNewTask  tasks.o
    0x08007aae   0x08007aae   0x00000002   PAD
    0x08007ab0   0x08007ab0   0x00000068   Code   RO         9240    i.prvInitialiseTaskLists  tasks.o
    0x08007b18   0x08007b18   0x00000068   Code   RO        10149    i.prvInsertBlockIntoFreeList  heap_4.o
    0x08007b80   0x08007b80   0x00000058   Code   RO         9622    i.prvInsertTimerInActiveList  timers.o
    0x08007bd8   0x08007bd8   0x0000001a   Code   RO         8862    i.prvIsQueueEmpty   queue.o
    0x08007bf2   0x08007bf2   0x0000001e   Code   RO         8863    i.prvIsQueueFull    queue.o
    0x08007c10   0x08007c10   0x0000006a   Code   RO         9241    i.prvListTasksWithinSingleList  tasks.o
    0x08007c7a   0x08007c7a   0x00000002   PAD
    0x08007c7c   0x08007c7c   0x00000074   Code   RO         9623    i.prvProcessExpiredTimer  timers.o
    0x08007cf0   0x08007cf0   0x00000138   Code   RO         9624    i.prvProcessReceivedCommands  timers.o
    0x08007e28   0x08007e28   0x00000074   Code   RO         9625    i.prvProcessTimerOrBlockTask  timers.o
    0x08007e9c   0x08007e9c   0x00000034   Code   RO         9242    i.prvResetNextTaskUnblockTime  tasks.o
    0x08007ed0   0x08007ed0   0x0000002c   Code   RO         9626    i.prvSampleTimeNow  timers.o
    0x08007efc   0x08007efc   0x000000a4   Code   RO         9627    i.prvSwitchTimerLists  timers.o
    0x08007fa0   0x08007fa0   0x00000016   Code   RO         9243    i.prvTaskCheckFreeStackSpace  tasks.o
    0x08007fb6   0x08007fb6   0x00000002   PAD
    0x08007fb8   0x08007fb8   0x00000040   Code   RO        10205    i.prvTaskExitError  port.o
    0x08007ff8   0x08007ff8   0x0000001a   Code   RO         9628    i.prvTimerTask      timers.o
    0x08008012   0x08008012   0x0000007e   Code   RO         8864    i.prvUnlockQueue    queue.o
    0x08008090   0x08008090   0x0000002a   Code   RO         9245    i.prvWriteNameToBuffer  tasks.o
    0x080080ba   0x080080ba   0x00000002   PAD
    0x080080bc   0x080080bc   0x0000014c   Code   RO        10150    i.pvPortMalloc      heap_4.o
    0x08008208   0x08008208   0x00000020   Code   RO         9246    i.pvTaskIncrementMutexHeldCount  tasks.o
    0x08008228   0x08008228   0x0000002c   Code   RO        10206    i.pxPortInitialiseStack  port.o
    0x08008254   0x08008254   0x00000028   Code   RO         8817    i.uxListRemove      list.o
    0x0800827c   0x0800827c   0x000000b0   Code   RO         9251    i.uxTaskGetSystemState  tasks.o
    0x0800832c   0x0800832c   0x0000002c   Code   RO         1930    i.vApplicationStackOverflowHook  us_freertos.o
    0x08008358   0x08008358   0x0000001a   Code   RO         8818    i.vListInitialise   list.o
    0x08008372   0x08008372   0x00000006   Code   RO         8819    i.vListInitialiseItem  list.o
    0x08008378   0x08008378   0x00000034   Code   RO         8820    i.vListInsert       list.o
    0x080083ac   0x080083ac   0x00000018   Code   RO         8821    i.vListInsertEnd    list.o
    0x080083c4   0x080083c4   0x00000054   Code   RO        10208    i.vPortEnterCritical  port.o
    0x08008418   0x08008418   0x0000003c   Code   RO        10209    i.vPortExitCritical  port.o
    0x08008454   0x08008454   0x000000a4   Code   RO        10151    i.vPortFree         heap_4.o
    0x080084f8   0x080084f8   0x00000028   Code   RO        10210    i.vPortSetupTimerInterrupt  port.o
    0x08008520   0x08008520   0x00000078   Code   RO        10211    i.vPortValidateInterruptPriority  port.o
    0x08008598   0x08008598   0x0000002c   Code   RO         8870    i.vQueueAddToRegistry  queue.o
    0x080085c4   0x080085c4   0x0000004a   Code   RO         8874    i.vQueueWaitForMessageRestricted  queue.o
    0x0800860e   0x0800860e   0x00000002   PAD
    0x08008610   0x08008610   0x0000005c   Code   RO         9256    i.vTaskDelay        tasks.o
    0x0800866c   0x0800866c   0x000000d4   Code   RO         9257    i.vTaskDelayUntil   tasks.o
    0x08008740   0x08008740   0x00000084   Code   RO         9260    i.vTaskGetInfo      tasks.o
    0x080087c4   0x080087c4   0x00000018   Code   RO         9261    i.vTaskInternalSetTimeOutState  tasks.o
    0x080087dc   0x080087dc   0x000000dc   Code   RO         9262    i.vTaskList         tasks.o
    0x080088b8   0x080088b8   0x0000000c   Code   RO         9263    i.vTaskMissedYield  tasks.o
    0x080088c4   0x080088c4   0x00000038   Code   RO         9265    i.vTaskPlaceOnEventList  tasks.o
    0x080088fc   0x080088fc   0x00000040   Code   RO         9266    i.vTaskPlaceOnEventListRestricted  tasks.o
    0x0800893c   0x0800893c   0x000000e4   Code   RO         9268    i.vTaskPriorityDisinheritAfterTimeout  tasks.o
    0x08008a20   0x08008a20   0x00000094   Code   RO         9274    i.vTaskStartScheduler  tasks.o
    0x08008ab4   0x08008ab4   0x00000010   Code   RO         9276    i.vTaskSuspendAll   tasks.o
    0x08008ac4   0x08008ac4   0x000000c4   Code   RO         9277    i.vTaskSwitchContext  tasks.o
    0x08008b88   0x08008b88   0x00000168   Code   RO        10212    i.xPortStartScheduler  port.o
    0x08008cf0   0x08008cf0   0x00000022   Code   RO         8876    i.xQueueCreateMutex  queue.o
    0x08008d12   0x08008d12   0x00000054   Code   RO         8877    i.xQueueGenericCreate  queue.o
    0x08008d66   0x08008d66   0x00000002   PAD
    0x08008d68   0x08008d68   0x00000098   Code   RO         8878    i.xQueueGenericReset  queue.o
    0x08008e00   0x08008e00   0x000001a8   Code   RO         8879    i.xQueueGenericSend  queue.o
    0x08008fa8   0x08008fa8   0x000000fc   Code   RO         8880    i.xQueueGenericSendFromISR  queue.o
    0x080090a4   0x080090a4   0x000000e0   Code   RO         8881    i.xQueueGiveFromISR  queue.o
    0x08009184   0x08009184   0x00000168   Code   RO         8887    i.xQueueReceive     queue.o
    0x080092ec   0x080092ec   0x000000ca   Code   RO         8888    i.xQueueReceiveFromISR  queue.o
    0x080093b6   0x080093b6   0x00000002   PAD
    0x080093b8   0x080093b8   0x000001b8   Code   RO         8889    i.xQueueSemaphoreTake  queue.o
    0x08009570   0x08009570   0x0000008c   Code   RO         9279    i.xTaskCheckForTimeOut  tasks.o
    0x080095fc   0x080095fc   0x00000060   Code   RO         9280    i.xTaskCreate       tasks.o
    0x0800965c   0x0800965c   0x00000020   Code   RO         9284    i.xTaskGetSchedulerState  tasks.o
    0x0800967c   0x0800967c   0x0000000c   Code   RO         9285    i.xTaskGetTickCount  tasks.o
    0x08009688   0x08009688   0x00000014   Code   RO         9286    i.xTaskGetTickCountFromISR  tasks.o
    0x0800969c   0x0800969c   0x00000148   Code   RO         9287    i.xTaskIncrementTick  tasks.o
    0x080097e4   0x080097e4   0x000000c8   Code   RO         9290    i.xTaskPriorityDisinherit  tasks.o
    0x080098ac   0x080098ac   0x000000b8   Code   RO         9291    i.xTaskPriorityInherit  tasks.o
    0x08009964   0x08009964   0x00000098   Code   RO         9292    i.xTaskRemoveFromEventList  tasks.o
    0x080099fc   0x080099fc   0x00000104   Code   RO         9293    i.xTaskResumeAll    tasks.o
    0x08009b00   0x08009b00   0x00000054   Code   RO         9636    i.xTimerCreateTimerTask  timers.o
    0x08009b54   0x08009b54   0x00000084   Code   RO         9637    i.xTimerGenericCommand  timers.o
    0x08009bd8   0x08009bd8   0x00000006   Data   RO          400    .constdata          at_cfg.o
    0x08009bde   0x08009bde   0x00000002   PAD
    0x08009be0   0x08009be0   0x00000060   Data   RO          887    .constdata          flash.o
    0x08009c40   0x08009c40   0x0000003c   Data   RO         1932    .constdata          us_freertos.o
    0x08009c7c   0x08009c7c   0x0000001c   Data   RO         2884    .constdata          sd_diskio.o
    0x08009c98   0x08009c98   0x00000008   Data   RO         5195    .constdata          stm32f4xx_hal_dma.o
    0x08009ca0   0x08009ca0   0x00000018   Data   RO         8671    .constdata          system_stm32f4xx.o
    0x08009cb8   0x08009cb8   0x00000021   Data   RO          401    .conststring        at_cfg.o
    0x08009cd9   0x08009cd9   0x00000003   PAD
    0x08009cdc   0x08009cdc   0x0000002c   Data   RO         1933    .conststring        us_freertos.o
    0x08009d08   0x08009d08   0x00000020   Data   RO        16083    Region$$Table       anon$$obj.o


    Execution Region RW_IRAM2 (Exec base: 0x10000000, Load base: 0x08009d88, Size: 0x00000000, Max: 0x00010000, ABSOLUTE)

    **** No section assigned to this execution region ****


    Execution Region RW_IRAM1 (Exec base: 0x20000000, Load base: 0x08009d28, Size: 0x00013b60, Max: 0x00030000, ABSOLUTE, COMPRESSED[0x00000060])

    Exec Addr    Load Addr    Size         Type   Attr      Idx    E Section Name        Object

    0x20000000   COMPRESSED   0x00000010   Data   RW          402    .data               at_cfg.o
    0x20000010   COMPRESSED   0x00000004   Data   RW          787    .data               delay.o
    0x20000014   COMPRESSED   0x00000008   Data   RW          888    .data               flash.o
    0x2000001c   COMPRESSED   0x00000074   Data   RW          965    .data               gpio.o
    0x20000090   COMPRESSED   0x0000004c   Data   RW         1934    .data               us_freertos.o
    0x200000dc   COMPRESSED   0x00000005   Data   RW         2714    .data               fatfs.o
    0x200000e1   COMPRESSED   0x00000003   PAD
    0x200000e4   COMPRESSED   0x00000008   Data   RW         2885    .data               sd_diskio.o
    0x200000ec   COMPRESSED   0x00000024   Data   RW         3229    .data               ethernetif.o
    0x20000110   COMPRESSED   0x00000009   Data   RW         5665    .data               stm32f4xx_hal.o
    0x20000119   COMPRESSED   0x00000003   PAD
    0x2000011c   COMPRESSED   0x00000004   Data   RW         8672    .data               system_stm32f4xx.o
    0x20000120   COMPRESSED   0x0000003c   Data   RW         9296    .data               tasks.o
    0x2000015c   COMPRESSED   0x00000014   Data   RW         9643    .data               timers.o
    0x20000170   COMPRESSED   0x00000020   Data   RW        10157    .data               heap_4.o
    0x20000190   COMPRESSED   0x0000000c   Data   RW        10213    .data               port.o
    0x2000019c   COMPRESSED   0x00000004   Data   RW        16038    .data               mc_w.l(stdout.o)
    0x200001a0        -       0x00000048   Zero   RW          334    .bss                stm32f4xx_hal_timebase_tim.o
    0x200001e8        -       0x0000041c   Zero   RW          399    .bss                at_cfg.o
    0x20000604        -       0x0000021a   Zero   RW          886    .bss                flash.o
    0x2000081e   COMPRESSED   0x00000002   PAD
    0x20000820        -       0x00000318   Zero   RW         1024    .bss                usart.o
    0x20000b38        -       0x0000002a   Zero   RW         1159    .bss                rtc.o
    0x20000b62   COMPRESSED   0x00000002   PAD
    0x20000b64        -       0x00000028   Zero   RW         1221    .bss                can.o
    0x20000b8c        -       0x00000058   Zero   RW         1264    .bss                spi.o
    0x20000be4   COMPRESSED   0x00000004   PAD
    0x20000be8        -       0x00000168   Zero   RW         1316    .bss                sdio.o
    0x20000d50        -       0x00000090   Zero   RW         1450    .bss                tim.o
    0x20000de0        -       0x0000060c   Zero   RW         2275    .bss                ascii_slave.o
    0x200013ec        -       0x00004bdc   Zero   RW         3226    .bss                ethernetif.o
    0x20005fc8        -       0x00000080   Zero   RW         8891    .bss                queue.o
    0x20006048        -       0x000002e4   Zero   RW         9295    .bss                tasks.o
    0x2000632c        -       0x00000028   Zero   RW         9642    .bss                timers.o
    0x20006354        -       0x0000c800   Zero   RW        10156    .bss                heap_4.o
    0x20012b54        -       0x0000000c   Zero   RW        15539    .bss                ff_gen_drv.o
    0x20012b60        -       0x00001000   Zero   RW         3391    STACK               startup_stm32f429xx.o


==============================================================================

Image component sizes


      Code (inc. data)   RO Data    RW Data    ZI Data      Debug   Object Name

       208         18          0          0       1548       2401   ascii_slave.o
       420         24         39         16       1052      49953   at_cfg.o
       216         26          0          0          0       6106   bsp_driver_sd.o
         0          0          0          0         40        184   can.o
       542         14          0          0          0      24266   cmsis_os.o
        56         14          0          4          0       1096   delay.o
       200          6          0          0          0        834   dma.o
        76         14          0          0          0        734   dwt.o
       172         28          0         36      19420      15857   ethernetif.o
         0          0          0          0          0      10652   event_groups.o
        28         12          0          5          0       6854   fatfs.o
       102          6          0          0         12       1631   ff_gen_drv.o
      1322         46         96          8        538       9486   flash.o
       804         40          0        116          0       4138   gpio.o
       724         74          0         32      51200       4767   heap_4.o
       592         30          0          0          0       2935   iic.o
       148          0          0          0          0       3462   list.o
       294         16          0          0          0       2684   main.o
        46          0          0          0          0        892   mb_ascii_lrc.o
       154          8          0          0          0       1595   pcf8574.o
      1014         92          0         12          0      11841   port.o
      2732         26          0          0        128      22915   queue.o
       356         22          0          0         42       2776   rtc.o
       602         42         28          8          0       6833   sd_diskio.o
       432         40          0          0        360       2322   sdio.o
       272         28          0          0         88       2197   spi.o
        36          8        428          0       4096        788   startup_stm32f429xx.o
       136         24          0          9          0       8766   stm32f4xx_hal.o
       616          0          0          0          0       9320   stm32f4xx_hal_can.o
       260         22          0          0          0      33454   stm32f4xx_hal_cortex.o
      1442         16          8          0          0       7473   stm32f4xx_hal_dma.o
       574         30          0          0          0       7227   stm32f4xx_hal_eth.o
       604         58          0          0          0       3987   stm32f4xx_hal_gpio.o
        84          6          0          0          0        830   stm32f4xx_hal_msp.o
       140         12          0          0          0       1248   stm32f4xx_hal_pwr_ex.o
      1888         94          0          0          0       6145   stm32f4xx_hal_rcc.o
       772         26          0          0          0       1564   stm32f4xx_hal_rcc_ex.o
      1000         26          0          0          0       7821   stm32f4xx_hal_rtc.o
        36          0          0          0          0       1731   stm32f4xx_hal_rtc_ex.o
      3742         74          0          0          0      18667   stm32f4xx_hal_sd.o
      1136         14          0          0          0       4573   stm32f4xx_hal_spi.o
       874         76          0          0          0       5919   stm32f4xx_hal_tim.o
         4          0          0          0          0       1553   stm32f4xx_hal_tim_ex.o
       160         20          0          0         72       1379   stm32f4xx_hal_timebase_tim.o
      3090         28          0          0          0      18599   stm32f4xx_hal_uart.o
       338         98          0          0          0     854441   stm32f4xx_it.o
      2102         46          0          0          0      24011   stm32f4xx_ll_sdmmc.o
        20          6         24          4          0       1079   system_stm32f4xx.o
      4162        470          0         60        740      35658   tasks.o
       192         12          0          0        144       1221   tim.o
      1222        114          0         20         40      20907   timers.o
       508        146        104         76          0       3635   us_freertos.o
      1052         92          0          0        792       4098   usart.o
        12          0          0          0          0        948   wkup.o

    ----------------------------------------------------------------------
     37772       2144        764        412      80320    1286453   Object Totals
         0          0         32          0          0          0   (incl. Generated)
        58          0          5          6          8          0   (incl. Padding)

    ----------------------------------------------------------------------

      Code (inc. data)   RO Data    RW Data    ZI Data      Debug   Library Member Name

        86          0          0          0          0          0   __dczerorl2.o
         0          0          0          0          0          0   entry.o
         0          0          0          0          0          0   entry10a.o
         0          0          0          0          0          0   entry11a.o
         4          0          0          0          0          0   entry12b.o
         8          4          0          0          0          0   entry2.o
         4          0          0          0          0          0   entry5.o
         0          0          0          0          0          0   entry7b.o
         0          0          0          0          0          0   entry8b.o
         8          4          0          0          0          0   entry9a.o
        30          0          0          0          0          0   handlers.o
        36          8          0          0          0         68   init.o
        30          0          0          0          0         68   llshl.o
        32          0          0          0          0         68   llushr.o
        64          0          0          0          0         76   memmovea.o
        36          0          0          0          0        108   memseta.o
      1192         60          0          0          0        504   printf8.o
         0          0          0          4          0          0   stdout.o
        18          0          0          0          0         68   strcpy.o
        14          0          0          0          0         68   strlen.o
        30          0          0          0          0         80   strncmp.o
        98          0          0          0          0         92   uldiv.o

    ----------------------------------------------------------------------
      1696         76          0          4          0       1200   Library Totals
         6          0          0          0          0          0   (incl. Padding)

    ----------------------------------------------------------------------

      Code (inc. data)   RO Data    RW Data    ZI Data      Debug   Library Name

      1690         76          0          4          0       1200   mc_w.l

    ----------------------------------------------------------------------
      1696         76          0          4          0       1200   Library Totals

    ----------------------------------------------------------------------

==============================================================================


      Code (inc. data)   RO Data    RW Data    ZI Data      Debug   

     39468       2220        764        416      80320    1251865   Grand Totals
     39468       2220        764         96      80320    1251865   ELF Image Totals (compressed)
     39468       2220        764         96          0          0   ROM Totals

==============================================================================

    Total RO  Size (Code + RO Data)                40232 (  39.29kB)
    Total RW  Size (RW Data + ZI Data)             80736 (  78.84kB)
    Total ROM Size (Code + RO Data + RW Data)      40328 (  39.38kB)

==============================================================================

